Archive member included to satisfy reference by file (symbol)

e:/program files/raspberry pi/pico sdk v1.5.0/gcc-arm-none-eabi/bin/../lib/gcc/arm-none-eabi/10.3.1/thumb/v6-m/nofp\libgcc.a(_dvmd_tls.o)
                              CMakeFiles/n64_adapter.dir/E_/Program_Files/Raspberry_Pi/Pico_SDK_v1.5.0/pico-sdk/src/rp2_common/pico_divider/divider.S.obj (__aeabi_idiv0)
e:/program files/raspberry pi/pico sdk v1.5.0/gcc-arm-none-eabi/bin/../lib/gcc/arm-none-eabi/10.3.1/../../../../arm-none-eabi/lib/thumb/v6-m/nofp\libg.a(lib_a-calloc.o)
                              CMakeFiles/n64_adapter.dir/E_/Program_Files/Raspberry_Pi/Pico_SDK_v1.5.0/pico-sdk/src/rp2_common/pico_malloc/pico_malloc.c.obj (calloc)
e:/program files/raspberry pi/pico sdk v1.5.0/gcc-arm-none-eabi/bin/../lib/gcc/arm-none-eabi/10.3.1/../../../../arm-none-eabi/lib/thumb/v6-m/nofp\libg.a(lib_a-callocr.o)
                              e:/program files/raspberry pi/pico sdk v1.5.0/gcc-arm-none-eabi/bin/../lib/gcc/arm-none-eabi/10.3.1/../../../../arm-none-eabi/lib/thumb/v6-m/nofp\libg.a(lib_a-calloc.o) (_calloc_r)
e:/program files/raspberry pi/pico sdk v1.5.0/gcc-arm-none-eabi/bin/../lib/gcc/arm-none-eabi/10.3.1/../../../../arm-none-eabi/lib/thumb/v6-m/nofp\libg.a(lib_a-errno.o)
                              e:/program files/raspberry pi/pico sdk v1.5.0/gcc-arm-none-eabi/bin/../lib/gcc/arm-none-eabi/10.3.1/../../../../arm-none-eabi/lib/thumb/v6-m/nofp\libg.a(lib_a-callocr.o) (__errno)
e:/program files/raspberry pi/pico sdk v1.5.0/gcc-arm-none-eabi/bin/../lib/gcc/arm-none-eabi/10.3.1/../../../../arm-none-eabi/lib/thumb/v6-m/nofp\libg.a(lib_a-fprintf.o)
                              CMakeFiles/n64_adapter.dir/src/main.cpp.obj (fprintf)
e:/program files/raspberry pi/pico sdk v1.5.0/gcc-arm-none-eabi/bin/../lib/gcc/arm-none-eabi/10.3.1/../../../../arm-none-eabi/lib/thumb/v6-m/nofp\libg.a(lib_a-impure.o)
                              CMakeFiles/n64_adapter.dir/src/main.cpp.obj (_impure_ptr)
e:/program files/raspberry pi/pico sdk v1.5.0/gcc-arm-none-eabi/bin/../lib/gcc/arm-none-eabi/10.3.1/../../../../arm-none-eabi/lib/thumb/v6-m/nofp\libg.a(lib_a-init.o)
                              e:/program files/raspberry pi/pico sdk v1.5.0/gcc-arm-none-eabi/bin/../lib/gcc/arm-none-eabi/10.3.1/../../../../arm-none-eabi/lib/thumb/v6-m/nofp/crt0.o (__libc_init_array)
e:/program files/raspberry pi/pico sdk v1.5.0/gcc-arm-none-eabi/bin/../lib/gcc/arm-none-eabi/10.3.1/../../../../arm-none-eabi/lib/thumb/v6-m/nofp\libg.a(lib_a-malloc.o)
                              CMakeFiles/n64_adapter.dir/E_/Program_Files/Raspberry_Pi/Pico_SDK_v1.5.0/pico-sdk/src/rp2_common/pico_malloc/pico_malloc.c.obj (malloc)
e:/program files/raspberry pi/pico sdk v1.5.0/gcc-arm-none-eabi/bin/../lib/gcc/arm-none-eabi/10.3.1/../../../../arm-none-eabi/lib/thumb/v6-m/nofp\libg.a(lib_a-mallocr.o)
                              e:/program files/raspberry pi/pico sdk v1.5.0/gcc-arm-none-eabi/bin/../lib/gcc/arm-none-eabi/10.3.1/../../../../arm-none-eabi/lib/thumb/v6-m/nofp\libg.a(lib_a-callocr.o) (_malloc_r)
e:/program files/raspberry pi/pico sdk v1.5.0/gcc-arm-none-eabi/bin/../lib/gcc/arm-none-eabi/10.3.1/../../../../arm-none-eabi/lib/thumb/v6-m/nofp\libg.a(lib_a-mlock.o)
                              e:/program files/raspberry pi/pico sdk v1.5.0/gcc-arm-none-eabi/bin/../lib/gcc/arm-none-eabi/10.3.1/../../../../arm-none-eabi/lib/thumb/v6-m/nofp\libg.a(lib_a-mallocr.o) (__malloc_lock)
e:/program files/raspberry pi/pico sdk v1.5.0/gcc-arm-none-eabi/bin/../lib/gcc/arm-none-eabi/10.3.1/../../../../arm-none-eabi/lib/thumb/v6-m/nofp\libg.a(lib_a-realloc.o)
                              CMakeFiles/n64_adapter.dir/E_/Program_Files/Raspberry_Pi/Pico_SDK_v1.5.0/pico-sdk/src/rp2_common/pico_malloc/pico_malloc.c.obj (realloc)
e:/program files/raspberry pi/pico sdk v1.5.0/gcc-arm-none-eabi/bin/../lib/gcc/arm-none-eabi/10.3.1/../../../../arm-none-eabi/lib/thumb/v6-m/nofp\libg.a(lib_a-reallocr.o)
                              e:/program files/raspberry pi/pico sdk v1.5.0/gcc-arm-none-eabi/bin/../lib/gcc/arm-none-eabi/10.3.1/../../../../arm-none-eabi/lib/thumb/v6-m/nofp\libg.a(lib_a-realloc.o) (_realloc_r)
e:/program files/raspberry pi/pico sdk v1.5.0/gcc-arm-none-eabi/bin/../lib/gcc/arm-none-eabi/10.3.1/../../../../arm-none-eabi/lib/thumb/v6-m/nofp\libg.a(lib_a-sbrkr.o)
                              e:/program files/raspberry pi/pico sdk v1.5.0/gcc-arm-none-eabi/bin/../lib/gcc/arm-none-eabi/10.3.1/../../../../arm-none-eabi/lib/thumb/v6-m/nofp\libg.a(lib_a-mallocr.o) (_sbrk_r)
e:/program files/raspberry pi/pico sdk v1.5.0/gcc-arm-none-eabi/bin/../lib/gcc/arm-none-eabi/10.3.1/../../../../arm-none-eabi/lib/thumb/v6-m/nofp\libg.a(lib_a-strlen-stub.o)
                              CMakeFiles/n64_adapter.dir/E_/Program_Files/Raspberry_Pi/Pico_SDK_v1.5.0/pico-sdk/src/rp2_common/pico_stdio/stdio.c.obj (strlen)
[...]
Memory Configuration

Name             Origin             Length             Attributes
FLASH            0x10000000         0x00200000         xr
RAM              0x20000000         0x00040000         xrw
SCRATCH_X        0x20040000         0x00001000         xrw
SCRATCH_Y        0x20041000         0x00001000         xrw
*default*        0x00000000         0xffffffff

Linker script and memory map

LOAD e:/program files/raspberry pi/pico sdk v1.5.0/gcc-arm-none-eabi/bin/../lib/gcc/arm-none-eabi/10.3.1/thumb/v6-m/nofp/crti.o
LOAD e:/program files/raspberry pi/pico sdk v1.5.0/gcc-arm-none-eabi/bin/../lib/gcc/arm-none-eabi/10.3.1/thumb/v6-m/nofp/crtbegin.o
LOAD e:/program files/raspberry pi/pico sdk v1.5.0/gcc-arm-none-eabi/bin/../lib/gcc/arm-none-eabi/10.3.1/../../../../arm-none-eabi/lib/thumb/v6-m/nofp/crt0.o

.flash_begin    0x10000000        0x0
                0x10000000                __flash_binary_start = .

.boot2          0x10000000      0x100
                0x10000000                __boot2_start__ = .
 *(.boot2)
 .boot2         0x10000000      0x100 C:\Users\Binavi\AppData\Local\Temp\cc0kgi4I.o
                0x10000100                __boot2_end__ = .
                0x00000001                ASSERT (((__boot2_end__ - __boot2_start__) == 0x100), ERROR: Pico second stage bootloader must be 256 bytes in size)

.text           0x10000100     0xc3d0
                0x10000100                __logical_binary_start = .
 *(.vectors)
 .vectors       0x10000100       0xd4 CMakeFiles/n64_adapter.dir/E_/Program_Files/Raspberry_Pi/Pico_SDK_v1.5.0/pico-sdk/src/rp2_common/pico_standard_link/crt0.S.obj
                0x10000100                __VECTOR_TABLE
                0x10000100                __vectors
                0x100001c0                isr_invalid
                0x100001c0                __default_isrs_start
                0x100001c2                isr_nmi
                0x100001c4                isr_hardfault
                0x100001c6                isr_svcall
                0x100001c8                isr_pendsv
                0x100001ca                isr_systick
                0x100001cc                isr_irq23
                0x100001cc                isr_irq18
                0x100001cc                isr_irq11
                0x100001cc                isr_irq28
                0x100001cc                isr_irq19
                0x100001cc                isr_irq0
                0x100001cc                isr_irq6
                0x100001cc                isr_irq5
                0x100001cc                isr_irq12
                0x100001cc                isr_irq22
                0x100001cc                isr_irq31
                0x100001cc                isr_irq17
                0x100001cc                isr_irq27
                0x100001cc                isr_irq30
                0x100001cc                isr_irq2
                0x100001cc                isr_irq10
                0x100001cc                isr_irq8
                0x100001cc                isr_irq24
                0x100001cc                isr_irq1
                0x100001cc                isr_irq7
                0x100001cc                isr_irq21
                0x100001cc                isr_irq20
                0x100001cc                isr_irq15
                0x100001cc                isr_irq25
                0x100001cc                isr_irq13
                0x100001cc                __unhandled_user_irq
                0x100001cc                isr_irq4
                0x100001cc                isr_irq16
                0x100001cc                isr_irq29
                0x100001cc                isr_irq26
                0x100001cc                __default_isrs_end
                0x100001cc                isr_irq3
                0x100001cc                isr_irq14
                0x100001cc                isr_irq9
                0x100001d2                unhandled_user_irq_num_in_r0
 *(.binary_info_header)
 .binary_info_header
                0x100001d4       0x14 CMakeFiles/n64_adapter.dir/E_/Program_Files/Raspberry_Pi/Pico_SDK_v1.5.0/pico-sdk/src/rp2_common/pico_standard_link/crt0.S.obj
                0x100001e8                __binary_info_header_end = .
 *(.reset)
 .reset         0x100001e8       0xa0 CMakeFiles/n64_adapter.dir/E_/Program_Files/Raspberry_Pi/Pico_SDK_v1.5.0/pico-sdk/src/rp2_common/pico_standard_link/crt0.S.obj
                0x100001e8                _entry_point
 .reset         0x10000288       0x30 CMakeFiles/n64_adapter.dir/E_/Program_Files/Raspberry_Pi/Pico_SDK_v1.5.0/pico-sdk/src/rp2_common/pico_standard_link/binary_info.c.obj
 *(.init)
 .init          0x100002b8        0x4 e:/program files/raspberry pi/pico sdk v1.5.0/gcc-arm-none-eabi/bin/../lib/gcc/arm-none-eabi/10.3.1/thumb/v6-m/nofp/crti.o
                0x100002b8                _init
 *(EXCLUDE_FILE(*libm.a: *libc.a:*lib_a-mem*.o *libgcc.a:) .text*)
 .text          0x100002bc       0x48 e:/program files/raspberry pi/pico sdk v1.5.0/gcc-arm-none-eabi/bin/../lib/gcc/arm-none-eabi/10.3.1/thumb/v6-m/nofp/crtbegin.o
 .text._Z5core1v
                0x10000304       0x20 CMakeFiles/n64_adapter.dir/src/main.cpp.obj
                0x10000304                core1()
 .text._Z16core1_print_loopv
                0x10000324       0x78 CMakeFiles/n64_adapter.dir/src/main.cpp.obj
                0x10000324                core1_print_loop()
 .text.main     0x1000039c       0x40 CMakeFiles/n64_adapter.dir/src/main.cpp.obj
                0x1000039c                main
 .text.gpio_set_function
                0x100003dc       0x30 CMakeFiles/n64_adapter.dir/E_/Program_Files/Raspberry_Pi/Pico_SDK_v1.5.0/pico-sdk/src/rp2_common/hardware_gpio/gpio.c.obj
                0x100003dc                gpio_set_function
 .text.gpio_init
                0x1000040c       0x16 CMakeFiles/n64_adapter.dir/E_/Program_Files/Raspberry_Pi/Pico_SDK_v1.5.0/pico-sdk/src/rp2_common/hardware_gpio/gpio.c.obj
                0x1000040c                gpio_init
 *fill*         0x10000422        0x2 
 .text.running_on_fpga
                0x10000424       0x14 CMakeFiles/n64_adapter.dir/E_/Program_Files/Raspberry_Pi/Pico_SDK_v1.5.0/pico-sdk/src/rp2_common/pico_platform/platform.c.obj
                0x10000424                running_on_fpga
 .text.hw_claim_lock
                0x10000438       0x18 CMakeFiles/n64_adapter.dir/E_/Program_Files/Raspberry_Pi/Pico_SDK_v1.5.0/pico-sdk/src/rp2_common/hardware_claim/claim.c.obj
                0x10000438                hw_claim_lock
 .text.hw_claim_unlock
                0x10000450       0x14 CMakeFiles/n64_adapter.dir/E_/Program_Files/Raspberry_Pi/Pico_SDK_v1.5.0/pico-sdk/src/rp2_common/hardware_claim/claim.c.obj
                0x10000450                hw_claim_unlock
 .text.hw_claim_or_assert
                0x10000464       0x32 CMakeFiles/n64_adapter.dir/E_/Program_Files/Raspberry_Pi/Pico_SDK_v1.5.0/pico-sdk/src/rp2_common/hardware_claim/claim.c.obj
                0x10000464                hw_claim_or_assert
 .text.hw_claim_unused_from_range
                0x10000496       0x50 CMakeFiles/n64_adapter.dir/E_/Program_Files/Raspberry_Pi/Pico_SDK_v1.5.0/pico-sdk/src/rp2_common/hardware_claim/claim.c.obj
                0x10000496                hw_claim_unused_from_range
 *fill*         0x100004e6        0x2 
 .text.spin_locks_reset
                0x100004e8       0x20 CMakeFiles/n64_adapter.dir/E_/Program_Files/Raspberry_Pi/Pico_SDK_v1.5.0/pico-sdk/src/rp2_common/hardware_sync/sync.c.obj
                0x100004e8                spin_locks_reset
 .text.next_striped_spin_lock_num
                0x10000508       0x1c CMakeFiles/n64_adapter.dir/E_/Program_Files/Raspberry_Pi/Pico_SDK_v1.5.0/pico-sdk/src/rp2_common/hardware_sync/sync.c.obj
                0x10000508                next_striped_spin_lock_num
 .text.spin_lock_claim_unused
                0x10000524       0x20 CMakeFiles/n64_adapter.dir/E_/Program_Files/Raspberry_Pi/Pico_SDK_v1.5.0/pico-sdk/src/rp2_common/hardware_sync/sync.c.obj
                0x10000524                spin_lock_claim_unused
 .text.set_raw_irq_handler_and_unlock
                0x10000544       0x28 CMakeFiles/n64_adapter.dir/E_/Program_Files/Raspberry_Pi/Pico_SDK_v1.5.0/pico-sdk/src/rp2_common/hardware_irq/irq.c.obj
 .text.make_branch
                0x1000056c       0x48 CMakeFiles/n64_adapter.dir/E_/Program_Files/Raspberry_Pi/Pico_SDK_v1.5.0/pico-sdk/src/rp2_common/hardware_irq/irq.c.obj
 .text.insert_branch_and_link
                0x100005b4       0x40 CMakeFiles/n64_adapter.dir/E_/Program_Files/Raspberry_Pi/Pico_SDK_v1.5.0/pico-sdk/src/rp2_common/hardware_irq/irq.c.obj
 .text.irq_is_enabled
                0x100005f4       0x18 CMakeFiles/n64_adapter.dir/E_/Program_Files/Raspberry_Pi/Pico_SDK_v1.5.0/pico-sdk/src/rp2_common/hardware_irq/irq.c.obj
                0x100005f4                irq_is_enabled
 .text.irq_set_mask_enabled
                0x1000060c       0x20 CMakeFiles/n64_adapter.dir/E_/Program_Files/Raspberry_Pi/Pico_SDK_v1.5.0/pico-sdk/src/rp2_common/hardware_irq/irq.c.obj
                0x1000060c                irq_set_mask_enabled
 .text.irq_set_enabled
                0x1000062c        0xe CMakeFiles/n64_adapter.dir/E_/Program_Files/Raspberry_Pi/Pico_SDK_v1.5.0/pico-sdk/src/rp2_common/hardware_irq/irq.c.obj
                0x1000062c                irq_set_enabled
 *fill*         0x1000063a        0x2 
 .text.irq_set_pending
                0x1000063c       0x10 CMakeFiles/n64_adapter.dir/E_/Program_Files/Raspberry_Pi/Pico_SDK_v1.5.0/pico-sdk/src/rp2_common/hardware_irq/irq.c.obj
                0x1000063c                irq_set_pending
 .text.irq_get_vtable_handler
                0x1000064c       0x10 CMakeFiles/n64_adapter.dir/E_/Program_Files/Raspberry_Pi/Pico_SDK_v1.5.0/pico-sdk/src/rp2_common/hardware_irq/irq.c.obj
                0x1000064c                irq_get_vtable_handler
 .text.irq_has_shared_handler
                0x1000065c       0x24 CMakeFiles/n64_adapter.dir/E_/Program_Files/Raspberry_Pi/Pico_SDK_v1.5.0/pico-sdk/src/rp2_common/hardware_irq/irq.c.obj
                0x1000065c                irq_has_shared_handler
 .text.irq_set_exclusive_handler
                0x10000680       0x54 CMakeFiles/n64_adapter.dir/E_/Program_Files/Raspberry_Pi/Pico_SDK_v1.5.0/pico-sdk/src/rp2_common/hardware_irq/irq.c.obj
                0x10000680                irq_set_exclusive_handler
 .text.irq_add_shared_handler
                0x100006d4      0x234 CMakeFiles/n64_adapter.dir/E_/Program_Files/Raspberry_Pi/Pico_SDK_v1.5.0/pico-sdk/src/rp2_common/hardware_irq/irq.c.obj
                0x100006d4                irq_add_shared_handler
 .text.irq_remove_handler
                0x10000908      0x1ac CMakeFiles/n64_adapter.dir/E_/Program_Files/Raspberry_Pi/Pico_SDK_v1.5.0/pico-sdk/src/rp2_common/hardware_irq/irq.c.obj
                0x10000908                irq_remove_handler
 .text.irq_add_tail_to_free_list
                0x10000ab4       0xf0 CMakeFiles/n64_adapter.dir/E_/Program_Files/Raspberry_Pi/Pico_SDK_v1.5.0/pico-sdk/src/rp2_common/hardware_irq/irq.c.obj
                0x10000ab4                irq_add_tail_to_free_list
 .text.irq_init_priorities
                0x10000ba4       0x1c CMakeFiles/n64_adapter.dir/E_/Program_Files/Raspberry_Pi/Pico_SDK_v1.5.0/pico-sdk/src/rp2_common/hardware_irq/irq.c.obj
                0x10000ba4                irq_init_priorities
 .text.user_irq_claim_unused
                0x10000bc0       0x28 CMakeFiles/n64_adapter.dir/E_/Program_Files/Raspberry_Pi/Pico_SDK_v1.5.0/pico-sdk/src/rp2_common/hardware_irq/irq.c.obj
                0x10000bc0                user_irq_claim_unused
 .text.lock_init
                0x10000be8       0x10 CMakeFiles/n64_adapter.dir/E_/Program_Files/Raspberry_Pi/Pico_SDK_v1.5.0/pico-sdk/src/common/pico_sync/lock_core.c.obj
                0x10000be8                lock_init
 .text.mutex_init
                0x10000bf8       0x1a CMakeFiles/n64_adapter.dir/E_/Program_Files/Raspberry_Pi/Pico_SDK_v1.5.0/pico-sdk/src/common/pico_sync/mutex.c.obj
                0x10000bf8                mutex_init
 .text.recursive_mutex_init
                0x10000c12       0x1e CMakeFiles/n64_adapter.dir/E_/Program_Files/Raspberry_Pi/Pico_SDK_v1.5.0/pico-sdk/src/common/pico_sync/mutex.c.obj
                0x10000c12                recursive_mutex_init
 .text.critical_section_init_with_lock_num
                0x10000c30       0x14 CMakeFiles/n64_adapter.dir/E_/Program_Files/Raspberry_Pi/Pico_SDK_v1.5.0/pico-sdk/src/common/pico_sync/critical_section.c.obj
                0x10000c30                critical_section_init_with_lock_num
 .text.critical_section_init
                0x10000c44       0x14 CMakeFiles/n64_adapter.dir/E_/Program_Files/Raspberry_Pi/Pico_SDK_v1.5.0/pico-sdk/src/common/pico_sync/critical_section.c.obj
                0x10000c44                critical_section_init
 .text.alarm_pool_post_alloc_init
                0x10000c58       0x40 CMakeFiles/n64_adapter.dir/E_/Program_Files/Raspberry_Pi/Pico_SDK_v1.5.0/pico-sdk/src/common/pico_time/time.c.obj
 .text.sleep_until_callback
                0x10000c98       0x30 CMakeFiles/n64_adapter.dir/E_/Program_Files/Raspberry_Pi/Pico_SDK_v1.5.0/pico-sdk/src/common/pico_time/time.c.obj
 .text.timer_pool_entry_comparator
                0x10000cc8       0x7c CMakeFiles/n64_adapter.dir/E_/Program_Files/Raspberry_Pi/Pico_SDK_v1.5.0/pico-sdk/src/common/pico_time/time.c.obj
                0x10000cc8                timer_pool_entry_comparator
 .text.ph_add_child_node
                0x10000d44       0xa4 CMakeFiles/n64_adapter.dir/E_/Program_Files/Raspberry_Pi/Pico_SDK_v1.5.0/pico-sdk/src/common/pico_time/time.c.obj
 .text.ph_merge_nodes
                0x10000de8       0x3e CMakeFiles/n64_adapter.dir/E_/Program_Files/Raspberry_Pi/Pico_SDK_v1.5.0/pico-sdk/src/common/pico_time/time.c.obj
 *fill*         0x10000e26        0x2 
 .text.add_alarm_under_lock
                0x10000e28      0x174 CMakeFiles/n64_adapter.dir/E_/Program_Files/Raspberry_Pi/Pico_SDK_v1.5.0/pico-sdk/src/common/pico_time/time.c.obj
 .text.alarm_pool_alarm_callback
                0x10000f9c      0x33c CMakeFiles/n64_adapter.dir/E_/Program_Files/Raspberry_Pi/Pico_SDK_v1.5.0/pico-sdk/src/common/pico_time/time.c.obj
 .text.alarm_pool_init_default
                0x100012d8       0x40 CMakeFiles/n64_adapter.dir/E_/Program_Files/Raspberry_Pi/Pico_SDK_v1.5.0/pico-sdk/src/common/pico_time/time.c.obj
                0x100012d8                alarm_pool_init_default
 .text.alarm_pool_get_default
                0x10001318       0x2c CMakeFiles/n64_adapter.dir/E_/Program_Files/Raspberry_Pi/Pico_SDK_v1.5.0/pico-sdk/src/common/pico_time/time.c.obj
                0x10001318                alarm_pool_get_default
 .text.alarm_pool_add_alarm_at
                0x10001344      0x168 CMakeFiles/n64_adapter.dir/E_/Program_Files/Raspberry_Pi/Pico_SDK_v1.5.0/pico-sdk/src/common/pico_time/time.c.obj
                0x10001344                alarm_pool_add_alarm_at
 .text.alarm_pool_cancel_alarm
                0x100014ac       0xf0 CMakeFiles/n64_adapter.dir/E_/Program_Files/Raspberry_Pi/Pico_SDK_v1.5.0/pico-sdk/src/common/pico_time/time.c.obj
                0x100014ac                alarm_pool_cancel_alarm
 .text.alarm_pool_core_num
                0x1000159c        0x4 CMakeFiles/n64_adapter.dir/E_/Program_Files/Raspberry_Pi/Pico_SDK_v1.5.0/pico-sdk/src/common/pico_time/time.c.obj
                0x1000159c                alarm_pool_core_num
 .text.sleep_until
                0x100015a0       0xfc CMakeFiles/n64_adapter.dir/E_/Program_Files/Raspberry_Pi/Pico_SDK_v1.5.0/pico-sdk/src/common/pico_time/time.c.obj
                0x100015a0                sleep_until
 .text.sleep_us
                0x1000169c       0x58 CMakeFiles/n64_adapter.dir/E_/Program_Files/Raspberry_Pi/Pico_SDK_v1.5.0/pico-sdk/src/common/pico_time/time.c.obj
                0x1000169c                sleep_us
 .text.sleep_ms
                0x100016f4       0x14 CMakeFiles/n64_adapter.dir/E_/Program_Files/Raspberry_Pi/Pico_SDK_v1.5.0/pico-sdk/src/common/pico_time/time.c.obj
                0x100016f4                sleep_ms
 .text.best_effort_wfe_or_timeout
                0x10001708       0xac CMakeFiles/n64_adapter.dir/E_/Program_Files/Raspberry_Pi/Pico_SDK_v1.5.0/pico-sdk/src/common/pico_time/time.c.obj
                0x10001708                best_effort_wfe_or_timeout
 .text.hardware_alarm_irq_handler
                0x100017b4       0x90 CMakeFiles/n64_adapter.dir/E_/Program_Files/Raspberry_Pi/Pico_SDK_v1.5.0/pico-sdk/src/rp2_common/hardware_timer/timer.c.obj
 .text.hardware_alarm_claim
                0x10001844       0x18 CMakeFiles/n64_adapter.dir/E_/Program_Files/Raspberry_Pi/Pico_SDK_v1.5.0/pico-sdk/src/rp2_common/hardware_timer/timer.c.obj
                0x10001844                hardware_alarm_claim
 .text.time_us_64
                0x1000185c       0x18 CMakeFiles/n64_adapter.dir/E_/Program_Files/Raspberry_Pi/Pico_SDK_v1.5.0/pico-sdk/src/rp2_common/hardware_timer/timer.c.obj
                0x1000185c                time_us_64
 .text.busy_wait_until
                0x10001874       0x28 CMakeFiles/n64_adapter.dir/E_/Program_Files/Raspberry_Pi/Pico_SDK_v1.5.0/pico-sdk/src/rp2_common/hardware_timer/timer.c.obj
                0x10001874                busy_wait_until
 .text.busy_wait_us
                0x1000189c       0x48 CMakeFiles/n64_adapter.dir/E_/Program_Files/Raspberry_Pi/Pico_SDK_v1.5.0/pico-sdk/src/rp2_common/hardware_timer/timer.c.obj
                0x1000189c                busy_wait_us
 .text.hardware_alarm_set_callback
                0x100018e4       0x90 CMakeFiles/n64_adapter.dir/E_/Program_Files/Raspberry_Pi/Pico_SDK_v1.5.0/pico-sdk/src/rp2_common/hardware_timer/timer.c.obj
                0x100018e4                hardware_alarm_set_callback
 .text.hardware_alarm_set_target
                0x10001974       0xe8 CMakeFiles/n64_adapter.dir/E_/Program_Files/Raspberry_Pi/Pico_SDK_v1.5.0/pico-sdk/src/rp2_common/hardware_timer/timer.c.obj
                0x10001974                hardware_alarm_set_target
 .text.hardware_alarm_cancel
                0x10001a5c       0x40 CMakeFiles/n64_adapter.dir/E_/Program_Files/Raspberry_Pi/Pico_SDK_v1.5.0/pico-sdk/src/rp2_common/hardware_timer/timer.c.obj
                0x10001a5c                hardware_alarm_cancel
 .text.ph_add_child_node
                0x10001a9c       0xa4 CMakeFiles/n64_adapter.dir/E_/Program_Files/Raspberry_Pi/Pico_SDK_v1.5.0/pico-sdk/src/common/pico_util/pheap.c.obj
 .text.ph_merge_nodes
                0x10001b40       0x3e CMakeFiles/n64_adapter.dir/E_/Program_Files/Raspberry_Pi/Pico_SDK_v1.5.0/pico-sdk/src/common/pico_util/pheap.c.obj
 *fill*         0x10001b7e        0x2 
 .text.ph_clear
                0x10001b80       0x70 CMakeFiles/n64_adapter.dir/E_/Program_Files/Raspberry_Pi/Pico_SDK_v1.5.0/pico-sdk/src/common/pico_util/pheap.c.obj
                0x10001b80                ph_clear
 .text.ph_post_alloc_init
                0x10001bf0        0xe CMakeFiles/n64_adapter.dir/E_/Program_Files/Raspberry_Pi/Pico_SDK_v1.5.0/pico-sdk/src/common/pico_util/pheap.c.obj
                0x10001bf0                ph_post_alloc_init
 *fill*         0x10001bfe        0x2 
 .text.ph_merge_two_pass
                0x10001c00       0xa8 CMakeFiles/n64_adapter.dir/E_/Program_Files/Raspberry_Pi/Pico_SDK_v1.5.0/pico-sdk/src/common/pico_util/pheap.c.obj
                0x10001c00                ph_merge_two_pass
 .text.ph_remove_any_head
                0x10001ca8      0x128 CMakeFiles/n64_adapter.dir/E_/Program_Files/Raspberry_Pi/Pico_SDK_v1.5.0/pico-sdk/src/common/pico_util/pheap.c.obj
 .text.ph_remove_head
                0x10001dd0       0x14 CMakeFiles/n64_adapter.dir/E_/Program_Files/Raspberry_Pi/Pico_SDK_v1.5.0/pico-sdk/src/common/pico_util/pheap.c.obj
                0x10001dd0                ph_remove_head
 .text.ph_remove_and_free_node
                0x10001de4       0xf8 CMakeFiles/n64_adapter.dir/E_/Program_Files/Raspberry_Pi/Pico_SDK_v1.5.0/pico-sdk/src/common/pico_util/pheap.c.obj
                0x10001de4                ph_remove_and_free_node
 .text.clock_configure
                0x10001edc      0x104 CMakeFiles/n64_adapter.dir/E_/Program_Files/Raspberry_Pi/Pico_SDK_v1.5.0/pico-sdk/src/rp2_common/hardware_clocks/clocks.c.obj
                0x10001edc                clock_configure
 .text.clocks_init
                0x10001fe0      0x100 CMakeFiles/n64_adapter.dir/E_/Program_Files/Raspberry_Pi/Pico_SDK_v1.5.0/pico-sdk/src/rp2_common/hardware_clocks/clocks.c.obj
                0x10001fe0                clocks_init
 .text.pll_init
                0x100020e0      0x12c CMakeFiles/n64_adapter.dir/E_/Program_Files/Raspberry_Pi/Pico_SDK_v1.5.0/pico-sdk/src/rp2_common/hardware_pll/pll.c.obj
                0x100020e0                pll_init
 .text.watchdog_start_tick
                0x1000220c       0x10 CMakeFiles/n64_adapter.dir/E_/Program_Files/Raspberry_Pi/Pico_SDK_v1.5.0/pico-sdk/src/rp2_common/hardware_watchdog/watchdog.c.obj
                0x1000220c                watchdog_start_tick
 .text.watchdog_update
                0x1000221c       0x14 CMakeFiles/n64_adapter.dir/E_/Program_Files/Raspberry_Pi/Pico_SDK_v1.5.0/pico-sdk/src/rp2_common/hardware_watchdog/watchdog.c.obj
                0x1000221c                watchdog_update
 .text._watchdog_enable
                0x10002230       0x78 CMakeFiles/n64_adapter.dir/E_/Program_Files/Raspberry_Pi/Pico_SDK_v1.5.0/pico-sdk/src/rp2_common/hardware_watchdog/watchdog.c.obj
                0x10002230                _watchdog_enable
 .text.watchdog_enable
                0x100022a8       0x18 CMakeFiles/n64_adapter.dir/E_/Program_Files/Raspberry_Pi/Pico_SDK_v1.5.0/pico-sdk/src/rp2_common/hardware_watchdog/watchdog.c.obj
                0x100022a8                watchdog_enable
 .text.watchdog_reboot
                0x100022c0       0x48 CMakeFiles/n64_adapter.dir/E_/Program_Files/Raspberry_Pi/Pico_SDK_v1.5.0/pico-sdk/src/rp2_common/hardware_watchdog/watchdog.c.obj
                0x100022c0                watchdog_reboot
 .text.xosc_init
                0x10002308       0x28 CMakeFiles/n64_adapter.dir/E_/Program_Files/Raspberry_Pi/Pico_SDK_v1.5.0/pico-sdk/src/rp2_common/hardware_xosc/xosc.c.obj
                0x10002308                xosc_init
 .text._exit    0x10002330        0x4 CMakeFiles/n64_adapter.dir/E_/Program_Files/Raspberry_Pi/Pico_SDK_v1.5.0/pico-sdk/src/rp2_common/pico_runtime/runtime.c.obj
                0x10002330                _exit
 .text._sbrk    0x10002334       0x38 CMakeFiles/n64_adapter.dir/E_/Program_Files/Raspberry_Pi/Pico_SDK_v1.5.0/pico-sdk/src/rp2_common/pico_runtime/runtime.c.obj
                0x10002334                _sbrk
 .text.exit     0x1000236c        0x6 CMakeFiles/n64_adapter.dir/E_/Program_Files/Raspberry_Pi/Pico_SDK_v1.5.0/pico-sdk/src/rp2_common/pico_runtime/runtime.c.obj
                0x1000236c                exit
 *fill*         0x10002372        0x2 
 .text.__assert_func
                0x10002374       0x3c CMakeFiles/n64_adapter.dir/E_/Program_Files/Raspberry_Pi/Pico_SDK_v1.5.0/pico-sdk/src/rp2_common/pico_runtime/runtime.c.obj
                0x10002374                __assert_func
 .text.runtime_init
                0x100023b0       0xf8 CMakeFiles/n64_adapter.dir/E_/Program_Files/Raspberry_Pi/Pico_SDK_v1.5.0/pico-sdk/src/rp2_common/pico_runtime/runtime.c.obj
                0x100023b0                runtime_init
 .text.panic    0x100024a8       0x30 CMakeFiles/n64_adapter.dir/E_/Program_Files/Raspberry_Pi/Pico_SDK_v1.5.0/pico-sdk/src/rp2_common/pico_runtime/runtime.c.obj
                0x100024a8                panic
 .text._out_null
                0x100024d8        0x2 CMakeFiles/n64_adapter.dir/E_/Program_Files/Raspberry_Pi/Pico_SDK_v1.5.0/pico-sdk/src/rp2_common/pico_printf/printf.c.obj
 .text._out_fct
                0x100024da        0xe CMakeFiles/n64_adapter.dir/E_/Program_Files/Raspberry_Pi/Pico_SDK_v1.5.0/pico-sdk/src/rp2_common/pico_printf/printf.c.obj
 .text._atoi    0x100024e8       0x24 CMakeFiles/n64_adapter.dir/E_/Program_Files/Raspberry_Pi/Pico_SDK_v1.5.0/pico-sdk/src/rp2_common/pico_printf/printf.c.obj
 .text._out_rev
                0x1000250c       0xae CMakeFiles/n64_adapter.dir/E_/Program_Files/Raspberry_Pi/Pico_SDK_v1.5.0/pico-sdk/src/rp2_common/pico_printf/printf.c.obj
 .text._ntoa_format
                0x100025ba      0x112 CMakeFiles/n64_adapter.dir/E_/Program_Files/Raspberry_Pi/Pico_SDK_v1.5.0/pico-sdk/src/rp2_common/pico_printf/printf.c.obj
 .text._ntoa_long
                0x100026cc       0xbc CMakeFiles/n64_adapter.dir/E_/Program_Files/Raspberry_Pi/Pico_SDK_v1.5.0/pico-sdk/src/rp2_common/pico_printf/printf.c.obj
 .text._ntoa_long_long
                0x10002788       0xe2 CMakeFiles/n64_adapter.dir/E_/Program_Files/Raspberry_Pi/Pico_SDK_v1.5.0/pico-sdk/src/rp2_common/pico_printf/printf.c.obj
 *fill*         0x1000286a        0x2 
 .text._etoa    0x1000286c      0x414 CMakeFiles/n64_adapter.dir/E_/Program_Files/Raspberry_Pi/Pico_SDK_v1.5.0/pico-sdk/src/rp2_common/pico_printf/printf.c.obj
 .text._ftoa    0x10002c80      0x354 CMakeFiles/n64_adapter.dir/E_/Program_Files/Raspberry_Pi/Pico_SDK_v1.5.0/pico-sdk/src/rp2_common/pico_printf/printf.c.obj
 .text._vsnprintf
                0x10002fd4      0x624 CMakeFiles/n64_adapter.dir/E_/Program_Files/Raspberry_Pi/Pico_SDK_v1.5.0/pico-sdk/src/rp2_common/pico_printf/printf.c.obj
 .text.vfctprintf
                0x100035f8       0x20 CMakeFiles/n64_adapter.dir/E_/Program_Files/Raspberry_Pi/Pico_SDK_v1.5.0/pico-sdk/src/rp2_common/pico_printf/printf.c.obj
                0x100035f8                vfctprintf
 .text          0x10003618       0x10 CMakeFiles/n64_adapter.dir/E_/Program_Files/Raspberry_Pi/Pico_SDK_v1.5.0/pico-sdk/src/rp2_common/pico_bit_ops/bit_ops_aeabi.S.obj
 .text.rom_func_lookup
                0x10003628       0x10 CMakeFiles/n64_adapter.dir/E_/Program_Files/Raspberry_Pi/Pico_SDK_v1.5.0/pico-sdk/src/rp2_common/pico_bootrom/bootrom.c.obj
                0x10003628                rom_func_lookup
 .text.rom_data_lookup
                0x10003638       0x10 CMakeFiles/n64_adapter.dir/E_/Program_Files/Raspberry_Pi/Pico_SDK_v1.5.0/pico-sdk/src/rp2_common/pico_bootrom/bootrom.c.obj
                0x10003638                rom_data_lookup
 .text.rom_funcs_lookup
                0x10003648       0x36 CMakeFiles/n64_adapter.dir/E_/Program_Files/Raspberry_Pi/Pico_SDK_v1.5.0/pico-sdk/src/rp2_common/pico_bootrom/bootrom.c.obj
                0x10003648                rom_funcs_lookup
 *fill*         0x1000367e        0x2 
 .text.__wrap___aeabi_idiv
                0x10003680       0x50 CMakeFiles/n64_adapter.dir/E_/Program_Files/Raspberry_Pi/Pico_SDK_v1.5.0/pico-sdk/src/rp2_common/pico_divider/divider.S.obj
                0x10003680                __wrap___aeabi_idivmod
                0x10003680                divmod_s32s32
                0x10003680                div_s32s32
                0x10003680                __wrap___aeabi_idiv
                0x10003688                divmod_s32s32_unsafe
                0x100036b4                divmod_s32s32_savestate
 .text.__wrap___aeabi_uidiv
                0x100036d0       0x4c CMakeFiles/n64_adapter.dir/E_/Program_Files/Raspberry_Pi/Pico_SDK_v1.5.0/pico-sdk/src/rp2_common/pico_divider/divider.S.obj
                0x100036d0                __wrap___aeabi_uidiv
                0x100036d0                __wrap___aeabi_uidivmod
                0x100036d0                div_u32u32
                0x100036d0                divmod_u32u32
                0x100036d8                divmod_u32u32_unsafe
                0x10003700                divmod_u32u32_savestate
 .text.__wrap___aeabi_ldiv
                0x1000371c      0x424 CMakeFiles/n64_adapter.dir/E_/Program_Files/Raspberry_Pi/Pico_SDK_v1.5.0/pico-sdk/src/rp2_common/pico_divider/divider.S.obj
                0x1000371c                div_s64s64
                0x1000371c                divmod_s64s64
                0x1000371c                __wrap___aeabi_ldivmod
                0x1000374c                divmod_u64u64
                0x1000374c                div_u64u64
                0x1000374c                __wrap___aeabi_uldivmod
                0x1000375c                divmod_u64u64_savestate
                0x1000377c                divmod_s64s64_unsafe
                0x10003804                divmod_u64u64_unsafe
 .text.__wrap___aeabi_darithmetic
                0x10003b40       0x80 CMakeFiles/n64_adapter.dir/E_/Program_Files/Raspberry_Pi/Pico_SDK_v1.5.0/pico-sdk/src/rp2_common/pico_double/double_aeabi.S.obj
                0x10003b40                __wrap___aeabi_drsub
                0x10003b46                __wrap___aeabi_dsub
                0x10003b58                __wrap___aeabi_dadd
                0x10003b6a                __wrap___aeabi_ddiv
                0x10003ba6                __wrap___aeabi_dmul
 .text.__wrap___aeabi_cdcmple
                0x10003bc0       0x6c CMakeFiles/n64_adapter.dir/E_/Program_Files/Raspberry_Pi/Pico_SDK_v1.5.0/pico-sdk/src/rp2_common/pico_double/double_aeabi.S.obj
                0x10003bc0                __wrap___aeabi_cdrcmple
                0x10003bd0                __wrap___aeabi_cdcmpeq
                0x10003bd0                __wrap___aeabi_cdcmple
 .text.__wrap___aeabi_dcmpeq
                0x10003c2c       0x10 CMakeFiles/n64_adapter.dir/E_/Program_Files/Raspberry_Pi/Pico_SDK_v1.5.0/pico-sdk/src/rp2_common/pico_double/double_aeabi.S.obj
                0x10003c2c                __wrap___aeabi_dcmpeq
 .text.__wrap___aeabi_dcmplt
                0x10003c3c        0xc CMakeFiles/n64_adapter.dir/E_/Program_Files/Raspberry_Pi/Pico_SDK_v1.5.0/pico-sdk/src/rp2_common/pico_double/double_aeabi.S.obj
                0x10003c3c                __wrap___aeabi_dcmplt
 .text.__wrap___aeabi_dcmple
                0x10003c48       0x10 CMakeFiles/n64_adapter.dir/E_/Program_Files/Raspberry_Pi/Pico_SDK_v1.5.0/pico-sdk/src/rp2_common/pico_double/double_aeabi.S.obj
                0x10003c48                __wrap___aeabi_dcmple
 .text.__wrap___aeabi_dcmpge
                0x10003c58       0x10 CMakeFiles/n64_adapter.dir/E_/Program_Files/Raspberry_Pi/Pico_SDK_v1.5.0/pico-sdk/src/rp2_common/pico_double/double_aeabi.S.obj
                0x10003c58                __wrap___aeabi_dcmpge
 .text.__wrap___aeabi_dcmpgt
                0x10003c68        0xa CMakeFiles/n64_adapter.dir/E_/Program_Files/Raspberry_Pi/Pico_SDK_v1.5.0/pico-sdk/src/rp2_common/pico_double/double_aeabi.S.obj
                0x10003c68                __wrap___aeabi_dcmpgt
 .text.__wrap___aeabi_dcmpun
                0x10003c72       0x1c CMakeFiles/n64_adapter.dir/E_/Program_Files/Raspberry_Pi/Pico_SDK_v1.5.0/pico-sdk/src/rp2_common/pico_double/double_aeabi.S.obj
                0x10003c72                __wrap___aeabi_dcmpun
 *fill*         0x10003c8e        0x2 
 .text.__wrap___aeabi_i2d
                0x10003c90       0x38 CMakeFiles/n64_adapter.dir/E_/Program_Files/Raspberry_Pi/Pico_SDK_v1.5.0/pico-sdk/src/rp2_common/pico_double/double_aeabi.S.obj
                0x10003c90                __wrap___aeabi_ui2d
                0x10003c98                __wrap___aeabi_i2d
 .text.__wrap___aeabi_d2iz
                0x10003cc8       0x48 CMakeFiles/n64_adapter.dir/E_/Program_Files/Raspberry_Pi/Pico_SDK_v1.5.0/pico-sdk/src/rp2_common/pico_double/double_aeabi.S.obj
                0x10003cc8                double2int_z
                0x10003cc8                __wrap___aeabi_d2iz
 .text.__wrap___aeabi_d2uiz
                0x10003d10       0x18 CMakeFiles/n64_adapter.dir/E_/Program_Files/Raspberry_Pi/Pico_SDK_v1.5.0/pico-sdk/src/rp2_common/pico_double/double_aeabi.S.obj
                0x10003d10                __wrap___aeabi_d2uiz
                0x10003d10                double2uint
 .text.__aeabi_double_init
                0x10003d28       0xc8 CMakeFiles/n64_adapter.dir/E_/Program_Files/Raspberry_Pi/Pico_SDK_v1.5.0/pico-sdk/src/rp2_common/pico_double/double_init_rom.c.obj
                0x10003d28                __aeabi_double_init
 .text.double_table_shim_on_use_helper
                0x10003df0       0x34 CMakeFiles/n64_adapter.dir/E_/Program_Files/Raspberry_Pi/Pico_SDK_v1.5.0/pico-sdk/src/rp2_common/pico_double/double_v1_rom_shim.S.obj
                0x10003df0                double_table_shim_on_use_helper
 .text.__wrap___aeabi_dsub
                0x10003e24       0x10 CMakeFiles/n64_adapter.dir/E_/Program_Files/Raspberry_Pi/Pico_SDK_v1.5.0/pico-sdk/src/rp2_common/pico_double/double_v1_rom_shim.S.obj
                0x10003e24                drsub_shim
                0x10003e2a                dsub_shim
 .text.dadd_shim
                0x10003e34      0x15c CMakeFiles/n64_adapter.dir/E_/Program_Files/Raspberry_Pi/Pico_SDK_v1.5.0/pico-sdk/src/rp2_common/pico_double/double_v1_rom_shim.S.obj
                0x10003e34                dadd_shim
 .text.dmul_shim
                0x10003f90      0x15c CMakeFiles/n64_adapter.dir/E_/Program_Files/Raspberry_Pi/Pico_SDK_v1.5.0/pico-sdk/src/rp2_common/pico_double/double_v1_rom_shim.S.obj
                0x10003f90                dmul_shim
 .text.ddiv_shim
                0x100040ec      0x1b0 CMakeFiles/n64_adapter.dir/E_/Program_Files/Raspberry_Pi/Pico_SDK_v1.5.0/pico-sdk/src/rp2_common/pico_double/double_v1_rom_shim.S.obj
                0x100040ec                ddiv_shim
 .text.double2uint_shim
                0x1000429c        0xe CMakeFiles/n64_adapter.dir/E_/Program_Files/Raspberry_Pi/Pico_SDK_v1.5.0/pico-sdk/src/rp2_common/pico_double/double_v1_rom_shim.S.obj
                0x1000429c                double2uint_shim
                0x1000429e                double2ufix_shim
 *fill*         0x100042aa        0x2 
 .text.double2uint64_shim
                0x100042ac       0x70 CMakeFiles/n64_adapter.dir/E_/Program_Files/Raspberry_Pi/Pico_SDK_v1.5.0/pico-sdk/src/rp2_common/pico_double/double_v1_rom_shim.S.obj
                0x100042ac                double2uint64_shim
                0x100042ae                double2ufix64_shim
                0x100042ce                d2fix_a
 .text.dunpacks
                0x1000431c       0x3c CMakeFiles/n64_adapter.dir/E_/Program_Files/Raspberry_Pi/Pico_SDK_v1.5.0/pico-sdk/src/rp2_common/pico_double/double_v1_rom_shim.S.obj
                0x1000431c                dunpacks
 .text.__aeabi_lmul
                0x10004358       0x32 CMakeFiles/n64_adapter.dir/E_/Program_Files/Raspberry_Pi/Pico_SDK_v1.5.0/pico-sdk/src/rp2_common/pico_int64_ops/pico_int64_ops_aeabi.S.obj
                0x10004358                __wrap___aeabi_lmul
 *fill*         0x1000438a        0x2 
 .text.__aeabi_float_init
                0x1000438c       0xfc CMakeFiles/n64_adapter.dir/E_/Program_Files/Raspberry_Pi/Pico_SDK_v1.5.0/pico-sdk/src/rp2_common/pico_float/float_init_rom.c.obj
                0x1000438c                __aeabi_float_init
 .text.float_table_shim_on_use_helper
                0x10004488       0x34 CMakeFiles/n64_adapter.dir/E_/Program_Files/Raspberry_Pi/Pico_SDK_v1.5.0/pico-sdk/src/rp2_common/pico_float/float_v1_rom_shim.S.obj
                0x10004488                float_table_shim_on_use_helper
 .text          0x100044bc       0x10 CMakeFiles/n64_adapter.dir/E_/Program_Files/Raspberry_Pi/Pico_SDK_v1.5.0/pico-sdk/src/rp2_common/pico_mem_ops/mem_ops_aeabi.S.obj
                0x100044bc                __aeabi_mem_init
 .text.memset   0x100044cc        0xc CMakeFiles/n64_adapter.dir/E_/Program_Files/Raspberry_Pi/Pico_SDK_v1.5.0/pico-sdk/src/rp2_common/pico_mem_ops/mem_ops_aeabi.S.obj
                0x100044cc                __wrap_memset
 .text.memcpy   0x100044d8        0xc CMakeFiles/n64_adapter.dir/E_/Program_Files/Raspberry_Pi/Pico_SDK_v1.5.0/pico-sdk/src/rp2_common/pico_mem_ops/mem_ops_aeabi.S.obj
                0x100044d8                __wrap_memcpy
                0x100044d8                __wrap___aeabi_memcpy
 .text.stdio_out_chars_no_crlf
                0x100044e4        0xe CMakeFiles/n64_adapter.dir/E_/Program_Files/Raspberry_Pi/Pico_SDK_v1.5.0/pico-sdk/src/rp2_common/pico_stdio/stdio.c.obj
 *fill*         0x100044f2        0x2 
 .text.stdio_out_chars_crlf
                0x100044f4       0x80 CMakeFiles/n64_adapter.dir/E_/Program_Files/Raspberry_Pi/Pico_SDK_v1.5.0/pico-sdk/src/rp2_common/pico_stdio/stdio.c.obj
 .text.stdio_stack_buffer_flush
                0x10004574       0x44 CMakeFiles/n64_adapter.dir/E_/Program_Files/Raspberry_Pi/Pico_SDK_v1.5.0/pico-sdk/src/rp2_common/pico_stdio/stdio.c.obj
 .text.stdio_buffered_printer
                0x100045b8       0x20 CMakeFiles/n64_adapter.dir/E_/Program_Files/Raspberry_Pi/Pico_SDK_v1.5.0/pico-sdk/src/rp2_common/pico_stdio/stdio.c.obj
 .text.stdio_get_until
                0x100045d8       0x80 CMakeFiles/n64_adapter.dir/E_/Program_Files/Raspberry_Pi/Pico_SDK_v1.5.0/pico-sdk/src/rp2_common/pico_stdio/stdio.c.obj
 .text.stdout_serialize_begin
                0x10004658       0x5c CMakeFiles/n64_adapter.dir/E_/Program_Files/Raspberry_Pi/Pico_SDK_v1.5.0/pico-sdk/src/rp2_common/pico_stdio/stdio.c.obj
                0x10004658                stdout_serialize_begin
 .text.stdout_serialize_end
                0x100046b4       0x10 CMakeFiles/n64_adapter.dir/E_/Program_Files/Raspberry_Pi/Pico_SDK_v1.5.0/pico-sdk/src/rp2_common/pico_stdio/stdio.c.obj
                0x100046b4                stdout_serialize_end
 .text.stdio_put_string
                0x100046c4       0x98 CMakeFiles/n64_adapter.dir/E_/Program_Files/Raspberry_Pi/Pico_SDK_v1.5.0/pico-sdk/src/rp2_common/pico_stdio/stdio.c.obj
 .text._read    0x1000475c       0x24 CMakeFiles/n64_adapter.dir/E_/Program_Files/Raspberry_Pi/Pico_SDK_v1.5.0/pico-sdk/src/rp2_common/pico_stdio/stdio.c.obj
                0x1000475c                _read
 .text._write   0x10004780       0x22 CMakeFiles/n64_adapter.dir/E_/Program_Files/Raspberry_Pi/Pico_SDK_v1.5.0/pico-sdk/src/rp2_common/pico_stdio/stdio.c.obj
                0x10004780                _write
 .text._close   0x100047a2        0x6 CMakeFiles/n64_adapter.dir/E_/Program_Files/Raspberry_Pi/Pico_SDK_v1.5.0/pico-sdk/src/rp2_common/pico_stdio/stdio.c.obj
                0x100047a2                _close
 .text._lseek   0x100047a8        0x6 CMakeFiles/n64_adapter.dir/E_/Program_Files/Raspberry_Pi/Pico_SDK_v1.5.0/pico-sdk/src/rp2_common/pico_stdio/stdio.c.obj
                0x100047a8                _lseek
 .text._fstat   0x100047ae        0x6 CMakeFiles/n64_adapter.dir/E_/Program_Files/Raspberry_Pi/Pico_SDK_v1.5.0/pico-sdk/src/rp2_common/pico_stdio/stdio.c.obj
                0x100047ae                _fstat
 .text._isatty  0x100047b4        0xc CMakeFiles/n64_adapter.dir/E_/Program_Files/Raspberry_Pi/Pico_SDK_v1.5.0/pico-sdk/src/rp2_common/pico_stdio/stdio.c.obj
                0x100047b4                _isatty
 .text.stdio_set_driver_enabled
                0x100047c0       0x2c CMakeFiles/n64_adapter.dir/E_/Program_Files/Raspberry_Pi/Pico_SDK_v1.5.0/pico-sdk/src/rp2_common/pico_stdio/stdio.c.obj
                0x100047c0                stdio_set_driver_enabled
 .text.stdio_flush
                0x100047ec       0x20 CMakeFiles/n64_adapter.dir/E_/Program_Files/Raspberry_Pi/Pico_SDK_v1.5.0/pico-sdk/src/rp2_common/pico_stdio/stdio.c.obj
                0x100047ec                stdio_flush
 .text.__wrap_puts
                0x1000480c       0x1e CMakeFiles/n64_adapter.dir/E_/Program_Files/Raspberry_Pi/Pico_SDK_v1.5.0/pico-sdk/src/rp2_common/pico_stdio/stdio.c.obj
                0x1000480c                __wrap_puts
 *fill*         0x1000482a        0x2 
 .text.__wrap_vprintf
                0x1000482c       0x40 CMakeFiles/n64_adapter.dir/E_/Program_Files/Raspberry_Pi/Pico_SDK_v1.5.0/pico-sdk/src/rp2_common/pico_stdio/stdio.c.obj
                0x1000482c                __wrap_vprintf
 .text.__wrap_printf
                0x1000486c       0x18 CMakeFiles/n64_adapter.dir/E_/Program_Files/Raspberry_Pi/Pico_SDK_v1.5.0/pico-sdk/src/rp2_common/pico_stdio/stdio.c.obj
                0x1000486c                __wrap_printf
 .text.stdio_init_all
                0x10004884        0x8 CMakeFiles/n64_adapter.dir/E_/Program_Files/Raspberry_Pi/Pico_SDK_v1.5.0/pico-sdk/src/rp2_common/pico_stdio/stdio.c.obj
                0x10004884                stdio_init_all
 .text.resetd_init
                0x1000488c        0x2 CMakeFiles/n64_adapter.dir/E_/Program_Files/Raspberry_Pi/Pico_SDK_v1.5.0/pico-sdk/src/rp2_common/pico_stdio_usb/reset_interface.c.obj
 *fill*         0x1000488e        0x2 
 .text.resetd_reset
                0x10004890        0xc CMakeFiles/n64_adapter.dir/E_/Program_Files/Raspberry_Pi/Pico_SDK_v1.5.0/pico-sdk/src/rp2_common/pico_stdio_usb/reset_interface.c.obj
 .text.resetd_open
                0x1000489c       0x34 CMakeFiles/n64_adapter.dir/E_/Program_Files/Raspberry_Pi/Pico_SDK_v1.5.0/pico-sdk/src/rp2_common/pico_stdio_usb/reset_interface.c.obj
 .text.resetd_xfer_cb
                0x100048d0        0x4 CMakeFiles/n64_adapter.dir/E_/Program_Files/Raspberry_Pi/Pico_SDK_v1.5.0/pico-sdk/src/rp2_common/pico_stdio_usb/reset_interface.c.obj
 .text.reset_usb_boot
                0x100048d4       0x18 CMakeFiles/n64_adapter.dir/E_/Program_Files/Raspberry_Pi/Pico_SDK_v1.5.0/pico-sdk/src/rp2_common/pico_stdio_usb/reset_interface.c.obj
 .text.resetd_control_xfer_cb
                0x100048ec       0x5c CMakeFiles/n64_adapter.dir/E_/Program_Files/Raspberry_Pi/Pico_SDK_v1.5.0/pico-sdk/src/rp2_common/pico_stdio_usb/reset_interface.c.obj
 .text.usbd_app_driver_get_cb
                0x10004948        0xc CMakeFiles/n64_adapter.dir/E_/Program_Files/Raspberry_Pi/Pico_SDK_v1.5.0/pico-sdk/src/rp2_common/pico_stdio_usb/reset_interface.c.obj
                0x10004948                usbd_app_driver_get_cb
 .text.tud_cdc_line_coding_cb
                0x10004954       0x28 CMakeFiles/n64_adapter.dir/E_/Program_Files/Raspberry_Pi/Pico_SDK_v1.5.0/pico-sdk/src/rp2_common/pico_stdio_usb/reset_interface.c.obj
                0x10004954                tud_cdc_line_coding_cb
 .text.stdio_usb_set_chars_available_callback
                0x1000497c       0x14 CMakeFiles/n64_adapter.dir/E_/Program_Files/Raspberry_Pi/Pico_SDK_v1.5.0/pico-sdk/src/rp2_common/pico_stdio_usb/stdio_usb.c.obj
                0x1000497c                stdio_usb_set_chars_available_callback
 .text.usb_irq  0x10004990       0x10 CMakeFiles/n64_adapter.dir/E_/Program_Files/Raspberry_Pi/Pico_SDK_v1.5.0/pico-sdk/src/rp2_common/pico_stdio_usb/stdio_usb.c.obj
 .text.timer_task
                0x100049a0       0x58 CMakeFiles/n64_adapter.dir/E_/Program_Files/Raspberry_Pi/Pico_SDK_v1.5.0/pico-sdk/src/rp2_common/pico_stdio_usb/stdio_usb.c.obj
 .text.low_priority_worker_irq
                0x100049f8       0xd8 CMakeFiles/n64_adapter.dir/E_/Program_Files/Raspberry_Pi/Pico_SDK_v1.5.0/pico-sdk/src/rp2_common/pico_stdio_usb/stdio_usb.c.obj
 .text.tud_cdc_rx_cb
                0x10004ad0       0x20 CMakeFiles/n64_adapter.dir/E_/Program_Files/Raspberry_Pi/Pico_SDK_v1.5.0/pico-sdk/src/rp2_common/pico_stdio_usb/stdio_usb.c.obj
                0x10004ad0                tud_cdc_rx_cb
 .text.stdio_usb_init
                0x10004af0      0x12c CMakeFiles/n64_adapter.dir/E_/Program_Files/Raspberry_Pi/Pico_SDK_v1.5.0/pico-sdk/src/rp2_common/pico_stdio_usb/stdio_usb.c.obj
                0x10004af0                stdio_usb_init
 .text.stdio_usb_connected
                0x10004c1c        0xa CMakeFiles/n64_adapter.dir/E_/Program_Files/Raspberry_Pi/Pico_SDK_v1.5.0/pico-sdk/src/rp2_common/pico_stdio_usb/stdio_usb.c.obj
                0x10004c1c                stdio_usb_connected
 *fill*         0x10004c26        0x2 
 .text.stdio_usb_in_chars
                0x10004c28       0xc4 CMakeFiles/n64_adapter.dir/E_/Program_Files/Raspberry_Pi/Pico_SDK_v1.5.0/pico-sdk/src/rp2_common/pico_stdio_usb/stdio_usb.c.obj
                0x10004c28                stdio_usb_in_chars
 .text.stdio_usb_out_chars
                0x10004cec      0x114 CMakeFiles/n64_adapter.dir/E_/Program_Files/Raspberry_Pi/Pico_SDK_v1.5.0/pico-sdk/src/rp2_common/pico_stdio_usb/stdio_usb.c.obj
 .text.tud_descriptor_device_cb
                0x10004e00        0x8 CMakeFiles/n64_adapter.dir/E_/Program_Files/Raspberry_Pi/Pico_SDK_v1.5.0/pico-sdk/src/rp2_common/pico_stdio_usb/stdio_usb_descriptors.c.obj
                0x10004e00                tud_descriptor_device_cb
 .text.tud_descriptor_configuration_cb
                0x10004e08        0x8 CMakeFiles/n64_adapter.dir/E_/Program_Files/Raspberry_Pi/Pico_SDK_v1.5.0/pico-sdk/src/rp2_common/pico_stdio_usb/stdio_usb_descriptors.c.obj
                0x10004e08                tud_descriptor_configuration_cb
 .text.tud_descriptor_string_cb
                0x10004e10       0x6c CMakeFiles/n64_adapter.dir/E_/Program_Files/Raspberry_Pi/Pico_SDK_v1.5.0/pico-sdk/src/rp2_common/pico_stdio_usb/stdio_usb_descriptors.c.obj
                0x10004e10                tud_descriptor_string_cb
 .text._retrieve_unique_id_on_boot
                0x10004e7c       0x10 CMakeFiles/n64_adapter.dir/E_/Program_Files/Raspberry_Pi/Pico_SDK_v1.5.0/pico-sdk/src/rp2_common/pico_unique_id/unique_id.c.obj
 .text.pico_get_unique_board_id_string
                0x10004e8c       0x60 CMakeFiles/n64_adapter.dir/E_/Program_Files/Raspberry_Pi/Pico_SDK_v1.5.0/pico-sdk/src/rp2_common/pico_unique_id/unique_id.c.obj
                0x10004e8c                pico_get_unique_board_id_string
 .text.flash_get_unique_id
                0x10004eec       0x46 CMakeFiles/n64_adapter.dir/E_/Program_Files/Raspberry_Pi/Pico_SDK_v1.5.0/pico-sdk/src/rp2_common/hardware_flash/flash.c.obj
                0x10004eec                flash_get_unique_id
 *fill*         0x10004f32        0x2 
 .text.hw_endpoint_get_by_addr
                0x10004f34       0x18 CMakeFiles/n64_adapter.dir/E_/Program_Files/Raspberry_Pi/Pico_SDK_v1.5.0/pico-sdk/lib/tinyusb/src/portable/raspberrypi/rp2040/dcd_rp2040.c.obj
 .text._hw_endpoint_alloc
                0x10004f4c       0x70 CMakeFiles/n64_adapter.dir/E_/Program_Files/Raspberry_Pi/Pico_SDK_v1.5.0/pico-sdk/lib/tinyusb/src/portable/raspberrypi/rp2040/dcd_rp2040.c.obj
 .text.hw_endpoint_init
                0x10004fbc       0x88 CMakeFiles/n64_adapter.dir/E_/Program_Files/Raspberry_Pi/Pico_SDK_v1.5.0/pico-sdk/lib/tinyusb/src/portable/raspberrypi/rp2040/dcd_rp2040.c.obj
 .text.hw_endpoint_xfer
                0x10005044       0x14 CMakeFiles/n64_adapter.dir/E_/Program_Files/Raspberry_Pi/Pico_SDK_v1.5.0/pico-sdk/lib/tinyusb/src/portable/raspberrypi/rp2040/dcd_rp2040.c.obj
 .text.dcd_int_enable
                0x10005058       0x2c CMakeFiles/n64_adapter.dir/E_/Program_Files/Raspberry_Pi/Pico_SDK_v1.5.0/pico-sdk/lib/tinyusb/src/portable/raspberrypi/rp2040/dcd_rp2040.c.obj
                0x10005058                dcd_int_enable
 .text.dcd_set_address
                0x10005084       0x2c CMakeFiles/n64_adapter.dir/E_/Program_Files/Raspberry_Pi/Pico_SDK_v1.5.0/pico-sdk/lib/tinyusb/src/portable/raspberrypi/rp2040/dcd_rp2040.c.obj
                0x10005084                dcd_set_address
 .text.dcd_connect
                0x100050b0       0x10 CMakeFiles/n64_adapter.dir/E_/Program_Files/Raspberry_Pi/Pico_SDK_v1.5.0/pico-sdk/lib/tinyusb/src/portable/raspberrypi/rp2040/dcd_rp2040.c.obj
                0x100050b0                dcd_connect
 .text.dcd_init
                0x100050c0       0x80 CMakeFiles/n64_adapter.dir/E_/Program_Files/Raspberry_Pi/Pico_SDK_v1.5.0/pico-sdk/lib/tinyusb/src/portable/raspberrypi/rp2040/dcd_rp2040.c.obj
                0x100050c0                dcd_init
 .text.dcd_edpt0_status_complete
                0x10005140       0x1c CMakeFiles/n64_adapter.dir/E_/Program_Files/Raspberry_Pi/Pico_SDK_v1.5.0/pico-sdk/lib/tinyusb/src/portable/raspberrypi/rp2040/dcd_rp2040.c.obj
                0x10005140                dcd_edpt0_status_complete
 .text.dcd_edpt_open
                0x1000515c       0x40 CMakeFiles/n64_adapter.dir/E_/Program_Files/Raspberry_Pi/Pico_SDK_v1.5.0/pico-sdk/lib/tinyusb/src/portable/raspberrypi/rp2040/dcd_rp2040.c.obj
                0x1000515c                dcd_edpt_open
 .text.dcd_edpt_close_all
                0x1000519c        0x8 CMakeFiles/n64_adapter.dir/E_/Program_Files/Raspberry_Pi/Pico_SDK_v1.5.0/pico-sdk/lib/tinyusb/src/portable/raspberrypi/rp2040/dcd_rp2040.c.obj
                0x1000519c                dcd_edpt_close_all
 .text.dcd_edpt_xfer
                0x100051a4       0x34 CMakeFiles/n64_adapter.dir/E_/Program_Files/Raspberry_Pi/Pico_SDK_v1.5.0/pico-sdk/lib/tinyusb/src/portable/raspberrypi/rp2040/dcd_rp2040.c.obj
                0x100051a4                dcd_edpt_xfer
 .text.dcd_edpt_stall
                0x100051d8       0x2c CMakeFiles/n64_adapter.dir/E_/Program_Files/Raspberry_Pi/Pico_SDK_v1.5.0/pico-sdk/lib/tinyusb/src/portable/raspberrypi/rp2040/dcd_rp2040.c.obj
                0x100051d8                dcd_edpt_stall
 .text.dcd_edpt_clear_stall
                0x10005204       0x20 CMakeFiles/n64_adapter.dir/E_/Program_Files/Raspberry_Pi/Pico_SDK_v1.5.0/pico-sdk/lib/tinyusb/src/portable/raspberrypi/rp2040/dcd_rp2040.c.obj
                0x10005204                dcd_edpt_clear_stall
 .text.rp2040_usb_init
                0x10005224       0x4c CMakeFiles/n64_adapter.dir/E_/Program_Files/Raspberry_Pi/Pico_SDK_v1.5.0/pico-sdk/lib/tinyusb/src/portable/raspberrypi/rp2040/rp2040_usb.c.obj
                0x10005224                rp2040_usb_init
 .text.hw_endpoint_xfer_start
                0x10005270       0x50 CMakeFiles/n64_adapter.dir/E_/Program_Files/Raspberry_Pi/Pico_SDK_v1.5.0/pico-sdk/lib/tinyusb/src/portable/raspberrypi/rp2040/rp2040_usb.c.obj
                0x10005270                hw_endpoint_xfer_start
 .text.configuration_reset
                0x100052c0       0x84 CMakeFiles/n64_adapter.dir/E_/Program_Files/Raspberry_Pi/Pico_SDK_v1.5.0/pico-sdk/lib/tinyusb/src/device/usbd.c.obj
 .text.usbd_reset
                0x10005344        0xc CMakeFiles/n64_adapter.dir/E_/Program_Files/Raspberry_Pi/Pico_SDK_v1.5.0/pico-sdk/lib/tinyusb/src/device/usbd.c.obj
 .text.invoke_class_control
                0x10005350       0x1a CMakeFiles/n64_adapter.dir/E_/Program_Files/Raspberry_Pi/Pico_SDK_v1.5.0/pico-sdk/lib/tinyusb/src/device/usbd.c.obj
 *fill*         0x1000536a        0x2 
 .text.process_set_config
                0x1000536c      0x178 CMakeFiles/n64_adapter.dir/E_/Program_Files/Raspberry_Pi/Pico_SDK_v1.5.0/pico-sdk/lib/tinyusb/src/device/usbd.c.obj
 .text.process_get_descriptor
                0x100054e4       0xdc CMakeFiles/n64_adapter.dir/E_/Program_Files/Raspberry_Pi/Pico_SDK_v1.5.0/pico-sdk/lib/tinyusb/src/device/usbd.c.obj
 .text.tud_mounted
                0x100055c0       0x10 CMakeFiles/n64_adapter.dir/E_/Program_Files/Raspberry_Pi/Pico_SDK_v1.5.0/pico-sdk/lib/tinyusb/src/device/usbd.c.obj
                0x100055c0                tud_mounted
 .text.tud_suspended
                0x100055d0       0x10 CMakeFiles/n64_adapter.dir/E_/Program_Files/Raspberry_Pi/Pico_SDK_v1.5.0/pico-sdk/lib/tinyusb/src/device/usbd.c.obj
                0x100055d0                tud_suspended
 .text.tud_inited
                0x100055e0       0x14 CMakeFiles/n64_adapter.dir/E_/Program_Files/Raspberry_Pi/Pico_SDK_v1.5.0/pico-sdk/lib/tinyusb/src/device/usbd.c.obj
                0x100055e0                tud_inited
 .text.tud_init
                0x100055f4       0xcc CMakeFiles/n64_adapter.dir/E_/Program_Files/Raspberry_Pi/Pico_SDK_v1.5.0/pico-sdk/lib/tinyusb/src/device/usbd.c.obj
                0x100055f4                tud_init
 .text.usbd_defer_func
                0x100056c0       0x2a CMakeFiles/n64_adapter.dir/E_/Program_Files/Raspberry_Pi/Pico_SDK_v1.5.0/pico-sdk/lib/tinyusb/src/device/usbd.c.obj
                0x100056c0                usbd_defer_func
 *fill*         0x100056ea        0x2 
 .text.usbd_edpt_open
                0x100056ec       0x34 CMakeFiles/n64_adapter.dir/E_/Program_Files/Raspberry_Pi/Pico_SDK_v1.5.0/pico-sdk/lib/tinyusb/src/device/usbd.c.obj
                0x100056ec                usbd_edpt_open
 .text.usbd_open_edpt_pair
                0x10005720       0x62 CMakeFiles/n64_adapter.dir/E_/Program_Files/Raspberry_Pi/Pico_SDK_v1.5.0/pico-sdk/lib/tinyusb/src/device/usbd.c.obj
                0x10005720                usbd_open_edpt_pair
 *fill*         0x10005782        0x2 
 .text.usbd_edpt_claim
                0x10005784       0x28 CMakeFiles/n64_adapter.dir/E_/Program_Files/Raspberry_Pi/Pico_SDK_v1.5.0/pico-sdk/lib/tinyusb/src/device/usbd.c.obj
                0x10005784                usbd_edpt_claim
 .text.usbd_edpt_release
                0x100057ac       0x28 CMakeFiles/n64_adapter.dir/E_/Program_Files/Raspberry_Pi/Pico_SDK_v1.5.0/pico-sdk/lib/tinyusb/src/device/usbd.c.obj
                0x100057ac                usbd_edpt_release
 .text.usbd_edpt_xfer
                0x100057d4       0x78 CMakeFiles/n64_adapter.dir/E_/Program_Files/Raspberry_Pi/Pico_SDK_v1.5.0/pico-sdk/lib/tinyusb/src/device/usbd.c.obj
                0x100057d4                usbd_edpt_xfer
 .text.usbd_edpt_stall
                0x1000584c       0x48 CMakeFiles/n64_adapter.dir/E_/Program_Files/Raspberry_Pi/Pico_SDK_v1.5.0/pico-sdk/lib/tinyusb/src/device/usbd.c.obj
                0x1000584c                usbd_edpt_stall
 .text.usbd_edpt_clear_stall
                0x10005894       0x48 CMakeFiles/n64_adapter.dir/E_/Program_Files/Raspberry_Pi/Pico_SDK_v1.5.0/pico-sdk/lib/tinyusb/src/device/usbd.c.obj
                0x10005894                usbd_edpt_clear_stall
 .text.usbd_edpt_stalled
                0x100058dc       0x1c CMakeFiles/n64_adapter.dir/E_/Program_Files/Raspberry_Pi/Pico_SDK_v1.5.0/pico-sdk/lib/tinyusb/src/device/usbd.c.obj
                0x100058dc                usbd_edpt_stalled
 .text.process_control_request
                0x100058f8      0x37c CMakeFiles/n64_adapter.dir/E_/Program_Files/Raspberry_Pi/Pico_SDK_v1.5.0/pico-sdk/lib/tinyusb/src/device/usbd.c.obj
 .text.tud_task_ext
                0x10005c74      0x1b4 CMakeFiles/n64_adapter.dir/E_/Program_Files/Raspberry_Pi/Pico_SDK_v1.5.0/pico-sdk/lib/tinyusb/src/device/usbd.c.obj
                0x10005c74                tud_task_ext
 .text._data_stage_xact
                0x10005e28       0x58 CMakeFiles/n64_adapter.dir/E_/Program_Files/Raspberry_Pi/Pico_SDK_v1.5.0/pico-sdk/lib/tinyusb/src/device/usbd_control.c.obj
 .text.tud_control_status
                0x10005e80       0x38 CMakeFiles/n64_adapter.dir/E_/Program_Files/Raspberry_Pi/Pico_SDK_v1.5.0/pico-sdk/lib/tinyusb/src/device/usbd_control.c.obj
                0x10005e80                tud_control_status
 .text.tud_control_xfer
                0x10005eb8       0x74 CMakeFiles/n64_adapter.dir/E_/Program_Files/Raspberry_Pi/Pico_SDK_v1.5.0/pico-sdk/lib/tinyusb/src/device/usbd_control.c.obj
                0x10005eb8                tud_control_xfer
 .text.usbd_control_reset
                0x10005f2c       0x14 CMakeFiles/n64_adapter.dir/E_/Program_Files/Raspberry_Pi/Pico_SDK_v1.5.0/pico-sdk/lib/tinyusb/src/device/usbd_control.c.obj
                0x10005f2c                usbd_control_reset
 .text.usbd_control_set_complete_callback
                0x10005f40        0xc CMakeFiles/n64_adapter.dir/E_/Program_Files/Raspberry_Pi/Pico_SDK_v1.5.0/pico-sdk/lib/tinyusb/src/device/usbd_control.c.obj
                0x10005f40                usbd_control_set_complete_callback
 .text.usbd_control_set_request
                0x10005f4c       0x1c CMakeFiles/n64_adapter.dir/E_/Program_Files/Raspberry_Pi/Pico_SDK_v1.5.0/pico-sdk/lib/tinyusb/src/device/usbd_control.c.obj
                0x10005f4c                usbd_control_set_request
 .text.usbd_control_xfer_cb
                0x10005f68       0xcc CMakeFiles/n64_adapter.dir/E_/Program_Files/Raspberry_Pi/Pico_SDK_v1.5.0/pico-sdk/lib/tinyusb/src/device/usbd_control.c.obj
                0x10005f68                usbd_control_xfer_cb
 .text._prep_out_transaction
                0x10006034       0x4a CMakeFiles/n64_adapter.dir/E_/Program_Files/Raspberry_Pi/Pico_SDK_v1.5.0/pico-sdk/lib/tinyusb/src/class/cdc/cdc_device.c.obj
 *fill*         0x1000607e        0x2 
 .text.tud_cdc_n_connected
                0x10006080       0x44 CMakeFiles/n64_adapter.dir/E_/Program_Files/Raspberry_Pi/Pico_SDK_v1.5.0/pico-sdk/lib/tinyusb/src/class/cdc/cdc_device.c.obj
                0x10006080                tud_cdc_n_connected
 .text.tud_cdc_n_available
                0x100060c4       0x18 CMakeFiles/n64_adapter.dir/E_/Program_Files/Raspberry_Pi/Pico_SDK_v1.5.0/pico-sdk/lib/tinyusb/src/class/cdc/cdc_device.c.obj
                0x100060c4                tud_cdc_n_available
 .text.tud_cdc_n_read
                0x100060dc       0x28 CMakeFiles/n64_adapter.dir/E_/Program_Files/Raspberry_Pi/Pico_SDK_v1.5.0/pico-sdk/lib/tinyusb/src/class/cdc/cdc_device.c.obj
                0x100060dc                tud_cdc_n_read
 .text.tud_cdc_n_write_flush
                0x10006104       0xb8 CMakeFiles/n64_adapter.dir/E_/Program_Files/Raspberry_Pi/Pico_SDK_v1.5.0/pico-sdk/lib/tinyusb/src/class/cdc/cdc_device.c.obj
                0x10006104                tud_cdc_n_write_flush
 .text.tud_cdc_n_write
                0x100061bc       0x38 CMakeFiles/n64_adapter.dir/E_/Program_Files/Raspberry_Pi/Pico_SDK_v1.5.0/pico-sdk/lib/tinyusb/src/class/cdc/cdc_device.c.obj
                0x100061bc                tud_cdc_n_write
 .text.tud_cdc_n_write_available
                0x100061f4       0x1c CMakeFiles/n64_adapter.dir/E_/Program_Files/Raspberry_Pi/Pico_SDK_v1.5.0/pico-sdk/lib/tinyusb/src/class/cdc/cdc_device.c.obj
                0x100061f4                tud_cdc_n_write_available
 .text.cdcd_init
                0x10006210       0xbc CMakeFiles/n64_adapter.dir/E_/Program_Files/Raspberry_Pi/Pico_SDK_v1.5.0/pico-sdk/lib/tinyusb/src/class/cdc/cdc_device.c.obj
                0x10006210                cdcd_init
 .text.cdcd_reset
                0x100062cc       0x44 CMakeFiles/n64_adapter.dir/E_/Program_Files/Raspberry_Pi/Pico_SDK_v1.5.0/pico-sdk/lib/tinyusb/src/class/cdc/cdc_device.c.obj
                0x100062cc                cdcd_reset
 .text.cdcd_open
                0x10006310       0xcc CMakeFiles/n64_adapter.dir/E_/Program_Files/Raspberry_Pi/Pico_SDK_v1.5.0/pico-sdk/lib/tinyusb/src/class/cdc/cdc_device.c.obj
                0x10006310                cdcd_open
 .text.cdcd_control_xfer_cb
                0x100063dc      0x134 CMakeFiles/n64_adapter.dir/E_/Program_Files/Raspberry_Pi/Pico_SDK_v1.5.0/pico-sdk/lib/tinyusb/src/class/cdc/cdc_device.c.obj
                0x100063dc                cdcd_control_xfer_cb
 .text.cdcd_xfer_cb
                0x10006510      0x130 CMakeFiles/n64_adapter.dir/E_/Program_Files/Raspberry_Pi/Pico_SDK_v1.5.0/pico-sdk/lib/tinyusb/src/class/cdc/cdc_device.c.obj
                0x10006510                cdcd_xfer_cb
 .text.tusb_init
                0x10006640        0xa CMakeFiles/n64_adapter.dir/E_/Program_Files/Raspberry_Pi/Pico_SDK_v1.5.0/pico-sdk/lib/tinyusb/src/tusb.c.obj
                0x10006640                tusb_init
 .text.tusb_inited
                0x1000664a        0xe CMakeFiles/n64_adapter.dir/E_/Program_Files/Raspberry_Pi/Pico_SDK_v1.5.0/pico-sdk/lib/tinyusb/src/tusb.c.obj
                0x1000664a                tusb_inited
 .text.tu_edpt_claim
                0x10006658       0x50 CMakeFiles/n64_adapter.dir/E_/Program_Files/Raspberry_Pi/Pico_SDK_v1.5.0/pico-sdk/lib/tinyusb/src/tusb.c.obj
                0x10006658                tu_edpt_claim
 .text.tu_edpt_release
                0x100066a8       0x3c CMakeFiles/n64_adapter.dir/E_/Program_Files/Raspberry_Pi/Pico_SDK_v1.5.0/pico-sdk/lib/tinyusb/src/tusb.c.obj
                0x100066a8                tu_edpt_release
 .text.tu_edpt_validate
                0x100066e4       0x78 CMakeFiles/n64_adapter.dir/E_/Program_Files/Raspberry_Pi/Pico_SDK_v1.5.0/pico-sdk/lib/tinyusb/src/tusb.c.obj
                0x100066e4                tu_edpt_validate
 .text.tu_edpt_bind_driver
                0x1000675c       0x26 CMakeFiles/n64_adapter.dir/E_/Program_Files/Raspberry_Pi/Pico_SDK_v1.5.0/pico-sdk/lib/tinyusb/src/tusb.c.obj
                0x1000675c                tu_edpt_bind_driver
 .text.advance_index
                0x10006782       0x1a CMakeFiles/n64_adapter.dir/E_/Program_Files/Raspberry_Pi/Pico_SDK_v1.5.0/pico-sdk/lib/tinyusb/src/common/tusb_fifo.c.obj
 .text._tu_fifo_peek
                0x1000679c       0x56 CMakeFiles/n64_adapter.dir/E_/Program_Files/Raspberry_Pi/Pico_SDK_v1.5.0/pico-sdk/lib/tinyusb/src/common/tusb_fifo.c.obj
 .text._ff_pull_const_addr
                0x100067f2       0x4c CMakeFiles/n64_adapter.dir/E_/Program_Files/Raspberry_Pi/Pico_SDK_v1.5.0/pico-sdk/lib/tinyusb/src/common/tusb_fifo.c.obj
 .text._ff_pull_n
                0x1000683e      0x110 CMakeFiles/n64_adapter.dir/E_/Program_Files/Raspberry_Pi/Pico_SDK_v1.5.0/pico-sdk/lib/tinyusb/src/common/tusb_fifo.c.obj
 .text._tu_fifo_peek_n
                0x1000694e       0x6a CMakeFiles/n64_adapter.dir/E_/Program_Files/Raspberry_Pi/Pico_SDK_v1.5.0/pico-sdk/lib/tinyusb/src/common/tusb_fifo.c.obj
 .text._tu_fifo_read_n
                0x100069b8       0x4e CMakeFiles/n64_adapter.dir/E_/Program_Files/Raspberry_Pi/Pico_SDK_v1.5.0/pico-sdk/lib/tinyusb/src/common/tusb_fifo.c.obj
 .text._ff_push_const_addr
                0x10006a06       0x40 CMakeFiles/n64_adapter.dir/E_/Program_Files/Raspberry_Pi/Pico_SDK_v1.5.0/pico-sdk/lib/tinyusb/src/common/tusb_fifo.c.obj
 .text._ff_push_n
                0x10006a46      0x10c CMakeFiles/n64_adapter.dir/E_/Program_Files/Raspberry_Pi/Pico_SDK_v1.5.0/pico-sdk/lib/tinyusb/src/common/tusb_fifo.c.obj
 .text._tu_fifo_write_n
                0x10006b52       0xf0 CMakeFiles/n64_adapter.dir/E_/Program_Files/Raspberry_Pi/Pico_SDK_v1.5.0/pico-sdk/lib/tinyusb/src/common/tusb_fifo.c.obj
 .text.tu_fifo_config
                0x10006c42       0x7c CMakeFiles/n64_adapter.dir/E_/Program_Files/Raspberry_Pi/Pico_SDK_v1.5.0/pico-sdk/lib/tinyusb/src/common/tusb_fifo.c.obj
                0x10006c42                tu_fifo_config
 .text.tu_fifo_count
                0x10006cbe       0x2a CMakeFiles/n64_adapter.dir/E_/Program_Files/Raspberry_Pi/Pico_SDK_v1.5.0/pico-sdk/lib/tinyusb/src/common/tusb_fifo.c.obj
                0x10006cbe                tu_fifo_count
 .text.tu_fifo_empty
                0x10006ce8       0x10 CMakeFiles/n64_adapter.dir/E_/Program_Files/Raspberry_Pi/Pico_SDK_v1.5.0/pico-sdk/lib/tinyusb/src/common/tusb_fifo.c.obj
                0x10006ce8                tu_fifo_empty
 .text.tu_fifo_full
                0x10006cf8       0x28 CMakeFiles/n64_adapter.dir/E_/Program_Files/Raspberry_Pi/Pico_SDK_v1.5.0/pico-sdk/lib/tinyusb/src/common/tusb_fifo.c.obj
                0x10006cf8                tu_fifo_full
 .text.tu_fifo_remaining
                0x10006d20       0x2c CMakeFiles/n64_adapter.dir/E_/Program_Files/Raspberry_Pi/Pico_SDK_v1.5.0/pico-sdk/lib/tinyusb/src/common/tusb_fifo.c.obj
                0x10006d20                tu_fifo_remaining
 .text.tu_fifo_read
                0x10006d4c       0x42 CMakeFiles/n64_adapter.dir/E_/Program_Files/Raspberry_Pi/Pico_SDK_v1.5.0/pico-sdk/lib/tinyusb/src/common/tusb_fifo.c.obj
                0x10006d4c                tu_fifo_read
 .text.tu_fifo_read_n
                0x10006d8e        0xa CMakeFiles/n64_adapter.dir/E_/Program_Files/Raspberry_Pi/Pico_SDK_v1.5.0/pico-sdk/lib/tinyusb/src/common/tusb_fifo.c.obj
                0x10006d8e                tu_fifo_read_n
 .text.tu_fifo_write
                0x10006d98       0x64 CMakeFiles/n64_adapter.dir/E_/Program_Files/Raspberry_Pi/Pico_SDK_v1.5.0/pico-sdk/lib/tinyusb/src/common/tusb_fifo.c.obj
                0x10006d98                tu_fifo_write
 .text.tu_fifo_write_n
                0x10006dfc        0xa CMakeFiles/n64_adapter.dir/E_/Program_Files/Raspberry_Pi/Pico_SDK_v1.5.0/pico-sdk/lib/tinyusb/src/common/tusb_fifo.c.obj
                0x10006dfc                tu_fifo_write_n
 .text.tu_fifo_clear
                0x10006e06       0x3e CMakeFiles/n64_adapter.dir/E_/Program_Files/Raspberry_Pi/Pico_SDK_v1.5.0/pico-sdk/lib/tinyusb/src/common/tusb_fifo.c.obj
                0x10006e06                tu_fifo_clear
 .text.tu_fifo_set_overwritable
                0x10006e44       0x46 CMakeFiles/n64_adapter.dir/E_/Program_Files/Raspberry_Pi/Pico_SDK_v1.5.0/pico-sdk/lib/tinyusb/src/common/tusb_fifo.c.obj
                0x10006e44                tu_fifo_set_overwritable
 .text.core1_trampoline
                0x10006e8a        0x2 CMakeFiles/n64_adapter.dir/E_/Program_Files/Raspberry_Pi/Pico_SDK_v1.5.0/pico-sdk/src/rp2_common/pico_multicore/multicore.c.obj
 .text.core1_wrapper
                0x10006e8c        0xc CMakeFiles/n64_adapter.dir/E_/Program_Files/Raspberry_Pi/Pico_SDK_v1.5.0/pico-sdk/src/rp2_common/pico_multicore/multicore.c.obj
                0x10006e8c                core1_wrapper
 .text.multicore_fifo_push_blocking
                0x10006e98       0x14 CMakeFiles/n64_adapter.dir/E_/Program_Files/Raspberry_Pi/Pico_SDK_v1.5.0/pico-sdk/src/rp2_common/pico_multicore/multicore.c.obj
                0x10006e98                multicore_fifo_push_blocking
 .text.multicore_fifo_pop_blocking
                0x10006eac       0x16 CMakeFiles/n64_adapter.dir/E_/Program_Files/Raspberry_Pi/Pico_SDK_v1.5.0/pico-sdk/src/rp2_common/pico_multicore/multicore.c.obj
                0x10006eac                multicore_fifo_pop_blocking
 .text.multicore_launch_core1_raw
                0x10006ec2       0x6e CMakeFiles/n64_adapter.dir/E_/Program_Files/Raspberry_Pi/Pico_SDK_v1.5.0/pico-sdk/src/rp2_common/pico_multicore/multicore.c.obj
                0x10006ec2                multicore_launch_core1_raw
 .text.multicore_launch_core1_with_stack
                0x10006f30       0x50 CMakeFiles/n64_adapter.dir/E_/Program_Files/Raspberry_Pi/Pico_SDK_v1.5.0/pico-sdk/src/rp2_common/pico_multicore/multicore.c.obj
                0x10006f30                multicore_launch_core1_with_stack
 .text.multicore_launch_core1
                0x10006f80       0x24 CMakeFiles/n64_adapter.dir/E_/Program_Files/Raspberry_Pi/Pico_SDK_v1.5.0/pico-sdk/src/rp2_common/pico_multicore/multicore.c.obj
                0x10006f80                multicore_launch_core1
 .text._pio_can_add_program_at_offset
                0x10006fa4       0x3c CMakeFiles/n64_adapter.dir/E_/Program_Files/Raspberry_Pi/Pico_SDK_v1.5.0/pico-sdk/src/rp2_common/hardware_pio/pio.c.obj
 .text._pio_find_offset_for_program
                0x10006fe0       0x7c CMakeFiles/n64_adapter.dir/E_/Program_Files/Raspberry_Pi/Pico_SDK_v1.5.0/pico-sdk/src/rp2_common/hardware_pio/pio.c.obj
 .text._pio_add_program_at_offset
                0x1000705c       0x78 CMakeFiles/n64_adapter.dir/E_/Program_Files/Raspberry_Pi/Pico_SDK_v1.5.0/pico-sdk/src/rp2_common/hardware_pio/pio.c.obj
 .text.pio_add_program
                0x100070d4       0x38 CMakeFiles/n64_adapter.dir/E_/Program_Files/Raspberry_Pi/Pico_SDK_v1.5.0/pico-sdk/src/rp2_common/hardware_pio/pio.c.obj
                0x100070d4                pio_add_program
 .text.pio_sm_init
                0x1000710c       0xe4 CMakeFiles/n64_adapter.dir/E_/Program_Files/Raspberry_Pi/Pico_SDK_v1.5.0/pico-sdk/src/rp2_common/hardware_pio/pio.c.obj
                0x1000710c                pio_sm_init
 .text._calloc_r
                0x100071f0       0x9c e:/program files/raspberry pi/pico sdk v1.5.0/gcc-arm-none-eabi/bin/../lib/gcc/arm-none-eabi/10.3.1/../../../../arm-none-eabi/lib/thumb/v6-m/nofp\libg.a(lib_a-callocr.o)
                0x100071f0                _calloc_r
 .text.__errno  0x1000728c        0xc e:/program files/raspberry pi/pico sdk v1.5.0/gcc-arm-none-eabi/bin/../lib/gcc/arm-none-eabi/10.3.1/../../../../arm-none-eabi/lib/thumb/v6-m/nofp\libg.a(lib_a-errno.o)
                0x1000728c                __errno
 .text.fprintf  0x10007298       0x24 e:/program files/raspberry pi/pico sdk v1.5.0/gcc-arm-none-eabi/bin/../lib/gcc/arm-none-eabi/10.3.1/../../../../arm-none-eabi/lib/thumb/v6-m/nofp\libg.a(lib_a-fprintf.o)
                0x10007298                fprintf
 .text._malloc_r
                0x100072bc      0x584 e:/program files/raspberry pi/pico sdk v1.5.0/gcc-arm-none-eabi/bin/../lib/gcc/arm-none-eabi/10.3.1/../../../../arm-none-eabi/lib/thumb/v6-m/nofp\libg.a(lib_a-mallocr.o)
                0x100072bc                _malloc_r
 .text.__malloc_lock
                0x10007840       0x10 e:/program files/raspberry pi/pico sdk v1.5.0/gcc-arm-none-eabi/bin/../lib/gcc/arm-none-eabi/10.3.1/../../../../arm-none-eabi/lib/thumb/v6-m/nofp\libg.a(lib_a-mlock.o)
                0x10007840                __malloc_lock
 .text.__malloc_unlock
                0x10007850       0x10 e:/program files/raspberry pi/pico sdk v1.5.0/gcc-arm-none-eabi/bin/../lib/gcc/arm-none-eabi/10.3.1/../../../../arm-none-eabi/lib/thumb/v6-m/nofp\libg.a(lib_a-mlock.o)
                0x10007850                __malloc_unlock
 .text._realloc_r
                0x10007860      0x354 e:/program files/raspberry pi/pico sdk v1.5.0/gcc-arm-none-eabi/bin/../lib/gcc/arm-none-eabi/10.3.1/../../../../arm-none-eabi/lib/thumb/v6-m/nofp\libg.a(lib_a-reallocr.o)
                0x10007860                _realloc_r
 .text._sbrk_r  0x10007bb4       0x24 e:/program files/raspberry pi/pico sdk v1.5.0/gcc-arm-none-eabi/bin/../lib/gcc/arm-none-eabi/10.3.1/../../../../arm-none-eabi/lib/thumb/v6-m/nofp\libg.a(lib_a-sbrkr.o)
                0x10007bb4                _sbrk_r
 .text.strlen   0x10007bd8       0x5c e:/program files/raspberry pi/pico sdk v1.5.0/gcc-arm-none-eabi/bin/../lib/gcc/arm-none-eabi/10.3.1/../../../../arm-none-eabi/lib/thumb/v6-m/nofp\libg.a(lib_a-strlen-stub.o)
                0x10007bd8                strlen
 .text._vfprintf_r
                0x10007c34     0x1c44 e:/program files/raspberry pi/pico sdk v1.5.0/gcc-arm-none-eabi/bin/../lib/gcc/arm-none-eabi/10.3.1/../../../../arm-none-eabi/lib/thumb/v6-m/nofp\libg.a(lib_a-vfprintf.o)
                0x10007c34                _vfprintf_r
 .text.__sbprintf
                0x10009878       0x8c e:/program files/raspberry pi/pico sdk v1.5.0/gcc-arm-none-eabi/bin/../lib/gcc/arm-none-eabi/10.3.1/../../../../arm-none-eabi/lib/thumb/v6-m/nofp\libg.a(lib_a-vfprintf.o)
 .text.__swsetup_r
                0x10009904       0xdc e:/program files/raspberry pi/pico sdk v1.5.0/gcc-arm-none-eabi/bin/../lib/gcc/arm-none-eabi/10.3.1/../../../../arm-none-eabi/lib/thumb/v6-m/nofp\libg.a(lib_a-wsetup.o)
                0x10009904                __swsetup_r
 .text.quorem   0x100099e0      0x148 e:/program files/raspberry pi/pico sdk v1.5.0/gcc-arm-none-eabi/bin/../lib/gcc/arm-none-eabi/10.3.1/../../../../arm-none-eabi/lib/thumb/v6-m/nofp\libg.a(lib_a-dtoa.o)
 .text._dtoa_r  0x10009b28      0xfbc e:/program files/raspberry pi/pico sdk v1.5.0/gcc-arm-none-eabi/bin/../lib/gcc/arm-none-eabi/10.3.1/../../../../arm-none-eabi/lib/thumb/v6-m/nofp\libg.a(lib_a-dtoa.o)
                0x10009b28                _dtoa_r
 .text.__sflush_r
                0x1000aae4      0x140 e:/program files/raspberry pi/pico sdk v1.5.0/gcc-arm-none-eabi/bin/../lib/gcc/arm-none-eabi/10.3.1/../../../../arm-none-eabi/lib/thumb/v6-m/nofp\libg.a(lib_a-fflush.o)
                0x1000aae4                __sflush_r
 .text._fflush_r
                0x1000ac24       0x6c e:/program files/raspberry pi/pico sdk v1.5.0/gcc-arm-none-eabi/bin/../lib/gcc/arm-none-eabi/10.3.1/../../../../arm-none-eabi/lib/thumb/v6-m/nofp\libg.a(lib_a-fflush.o)
                0x1000ac24                _fflush_r
 .text._cleanup_r
                0x1000ac90       0x10 e:/program files/raspberry pi/pico sdk v1.5.0/gcc-arm-none-eabi/bin/../lib/gcc/arm-none-eabi/10.3.1/../../../../arm-none-eabi/lib/thumb/v6-m/nofp\libg.a(lib_a-findfp.o)
                0x1000ac90                _cleanup_r
 .text.__sinit  0x1000aca0      0x120 e:/program files/raspberry pi/pico sdk v1.5.0/gcc-arm-none-eabi/bin/../lib/gcc/arm-none-eabi/10.3.1/../../../../arm-none-eabi/lib/thumb/v6-m/nofp\libg.a(lib_a-findfp.o)
                0x1000aca0                __sinit
 .text.__sfp_lock_acquire
                0x1000adc0       0x10 e:/program files/raspberry pi/pico sdk v1.5.0/gcc-arm-none-eabi/bin/../lib/gcc/arm-none-eabi/10.3.1/../../../../arm-none-eabi/lib/thumb/v6-m/nofp\libg.a(lib_a-findfp.o)
                0x1000adc0                __sfp_lock_acquire
 .text.__sfp_lock_release
                0x1000add0       0x10 e:/program files/raspberry pi/pico sdk v1.5.0/gcc-arm-none-eabi/bin/../lib/gcc/arm-none-eabi/10.3.1/../../../../arm-none-eabi/lib/thumb/v6-m/nofp\libg.a(lib_a-findfp.o)
                0x1000add0                __sfp_lock_release
 .text._malloc_trim_r
                0x1000ade0       0x9c e:/program files/raspberry pi/pico sdk v1.5.0/gcc-arm-none-eabi/bin/../lib/gcc/arm-none-eabi/10.3.1/../../../../arm-none-eabi/lib/thumb/v6-m/nofp\libg.a(lib_a-freer.o)
                0x1000ade0                _malloc_trim_r
 .text._free_r  0x1000ae7c      0x1c4 e:/program files/raspberry pi/pico sdk v1.5.0/gcc-arm-none-eabi/bin/../lib/gcc/arm-none-eabi/10.3.1/../../../../arm-none-eabi/lib/thumb/v6-m/nofp\libg.a(lib_a-freer.o)
                0x1000ae7c                _free_r
 .text._fwalk_reent
                0x1000b040       0x48 e:/program files/raspberry pi/pico sdk v1.5.0/gcc-arm-none-eabi/bin/../lib/gcc/arm-none-eabi/10.3.1/../../../../arm-none-eabi/lib/thumb/v6-m/nofp\libg.a(lib_a-fwalk.o)
                0x1000b040                _fwalk_reent
 .text._localeconv_r
                0x1000b088        0x8 e:/program files/raspberry pi/pico sdk v1.5.0/gcc-arm-none-eabi/bin/../lib/gcc/arm-none-eabi/10.3.1/../../../../arm-none-eabi/lib/thumb/v6-m/nofp\libg.a(lib_a-localeconv.o)
                0x1000b088                _localeconv_r
 .text.__retarget_lock_init_recursive
                0x1000b090        0x4 e:/program files/raspberry pi/pico sdk v1.5.0/gcc-arm-none-eabi/bin/../lib/gcc/arm-none-eabi/10.3.1/../../../../arm-none-eabi/lib/thumb/v6-m/nofp\libg.a(lib_a-lock.o)
                0x1000b090                __retarget_lock_init_recursive
 .text.__retarget_lock_close_recursive
                0x1000b094        0x4 e:/program files/raspberry pi/pico sdk v1.5.0/gcc-arm-none-eabi/bin/../lib/gcc/arm-none-eabi/10.3.1/../../../../arm-none-eabi/lib/thumb/v6-m/nofp\libg.a(lib_a-lock.o)
                0x1000b094                __retarget_lock_close_recursive
 .text.__retarget_lock_acquire_recursive
                0x1000b098        0x4 e:/program files/raspberry pi/pico sdk v1.5.0/gcc-arm-none-eabi/bin/../lib/gcc/arm-none-eabi/10.3.1/../../../../arm-none-eabi/lib/thumb/v6-m/nofp\libg.a(lib_a-lock.o)
                0x1000b098                __retarget_lock_acquire_recursive
 .text.__retarget_lock_release_recursive
                0x1000b09c        0x4 e:/program files/raspberry pi/pico sdk v1.5.0/gcc-arm-none-eabi/bin/../lib/gcc/arm-none-eabi/10.3.1/../../../../arm-none-eabi/lib/thumb/v6-m/nofp\libg.a(lib_a-lock.o)
                0x1000b09c                __retarget_lock_release_recursive
 .text.__smakebuf_r
                0x1000b0a0       0xe4 e:/program files/raspberry pi/pico sdk v1.5.0/gcc-arm-none-eabi/bin/../lib/gcc/arm-none-eabi/10.3.1/../../../../arm-none-eabi/lib/thumb/v6-m/nofp\libg.a(lib_a-makebuf.o)
                0x1000b0a0                __smakebuf_r
 .text.memchr   0x1000b184       0x74 e:/program files/raspberry pi/pico sdk v1.5.0/gcc-arm-none-eabi/bin/../lib/gcc/arm-none-eabi/10.3.1/../../../../arm-none-eabi/lib/thumb/v6-m/nofp\libg.a(lib_a-memchr-stub.o)
                0x1000b184                memchr
 .text.memmove  0x1000b1f8       0xac e:/program files/raspberry pi/pico sdk v1.5.0/gcc-arm-none-eabi/bin/../lib/gcc/arm-none-eabi/10.3.1/../../../../arm-none-eabi/lib/thumb/v6-m/nofp\libg.a(lib_a-memmove.o)
                0x1000b1f8                memmove
 .text._Balloc  0x1000b2a4       0x50 e:/program files/raspberry pi/pico sdk v1.5.0/gcc-arm-none-eabi/bin/../lib/gcc/arm-none-eabi/10.3.1/../../../../arm-none-eabi/lib/thumb/v6-m/nofp\libg.a(lib_a-mprec.o)
                0x1000b2a4                _Balloc
 .text._Bfree   0x1000b2f4       0x14 e:/program files/raspberry pi/pico sdk v1.5.0/gcc-arm-none-eabi/bin/../lib/gcc/arm-none-eabi/10.3.1/../../../../arm-none-eabi/lib/thumb/v6-m/nofp\libg.a(lib_a-mprec.o)
                0x1000b2f4                _Bfree
 .text.__multadd
                0x1000b308       0xa8 e:/program files/raspberry pi/pico sdk v1.5.0/gcc-arm-none-eabi/bin/../lib/gcc/arm-none-eabi/10.3.1/../../../../arm-none-eabi/lib/thumb/v6-m/nofp\libg.a(lib_a-mprec.o)
                0x1000b308                __multadd
 .text.__hi0bits
                0x1000b3b0       0x38 e:/program files/raspberry pi/pico sdk v1.5.0/gcc-arm-none-eabi/bin/../lib/gcc/arm-none-eabi/10.3.1/../../../../arm-none-eabi/lib/thumb/v6-m/nofp\libg.a(lib_a-mprec.o)
                0x1000b3b0                __hi0bits
 .text.__lo0bits
                0x1000b3e8       0x5c e:/program files/raspberry pi/pico sdk v1.5.0/gcc-arm-none-eabi/bin/../lib/gcc/arm-none-eabi/10.3.1/../../../../arm-none-eabi/lib/thumb/v6-m/nofp\libg.a(lib_a-mprec.o)
                0x1000b3e8                __lo0bits
 .text.__i2b    0x1000b444       0x60 e:/program files/raspberry pi/pico sdk v1.5.0/gcc-arm-none-eabi/bin/../lib/gcc/arm-none-eabi/10.3.1/../../../../arm-none-eabi/lib/thumb/v6-m/nofp\libg.a(lib_a-mprec.o)
                0x1000b444                __i2b
 .text.__multiply
                0x1000b4a4      0x1a4 e:/program files/raspberry pi/pico sdk v1.5.0/gcc-arm-none-eabi/bin/../lib/gcc/arm-none-eabi/10.3.1/../../../../arm-none-eabi/lib/thumb/v6-m/nofp\libg.a(lib_a-mprec.o)
                0x1000b4a4                __multiply
 .text.__pow5mult
                0x1000b648       0xd8 e:/program files/raspberry pi/pico sdk v1.5.0/gcc-arm-none-eabi/bin/../lib/gcc/arm-none-eabi/10.3.1/../../../../arm-none-eabi/lib/thumb/v6-m/nofp\libg.a(lib_a-mprec.o)
                0x1000b648                __pow5mult
 .text.__lshift
                0x1000b720       0xfc e:/program files/raspberry pi/pico sdk v1.5.0/gcc-arm-none-eabi/bin/../lib/gcc/arm-none-eabi/10.3.1/../../../../arm-none-eabi/lib/thumb/v6-m/nofp\libg.a(lib_a-mprec.o)
                0x1000b720                __lshift
 .text.__mcmp   0x1000b81c       0x34 e:/program files/raspberry pi/pico sdk v1.5.0/gcc-arm-none-eabi/bin/../lib/gcc/arm-none-eabi/10.3.1/../../../../arm-none-eabi/lib/thumb/v6-m/nofp\libg.a(lib_a-mprec.o)
                0x1000b81c                __mcmp
 .text.__mdiff  0x1000b850      0x18c e:/program files/raspberry pi/pico sdk v1.5.0/gcc-arm-none-eabi/bin/../lib/gcc/arm-none-eabi/10.3.1/../../../../arm-none-eabi/lib/thumb/v6-m/nofp\libg.a(lib_a-mprec.o)
                0x1000b850                __mdiff
 .text.__d2b    0x1000b9dc       0xd8 e:/program files/raspberry pi/pico sdk v1.5.0/gcc-arm-none-eabi/bin/../lib/gcc/arm-none-eabi/10.3.1/../../../../arm-none-eabi/lib/thumb/v6-m/nofp\libg.a(lib_a-mprec.o)
                0x1000b9dc                __d2b
 .text.frexp    0x1000bab4       0x64 e:/program files/raspberry pi/pico sdk v1.5.0/gcc-arm-none-eabi/bin/../lib/gcc/arm-none-eabi/10.3.1/../../../../arm-none-eabi/lib/thumb/v6-m/nofp\libg.a(lib_a-s_frexp.o)
                0x1000bab4                frexp
 .text.__sread  0x1000bb18       0x28 e:/program files/raspberry pi/pico sdk v1.5.0/gcc-arm-none-eabi/bin/../lib/gcc/arm-none-eabi/10.3.1/../../../../arm-none-eabi/lib/thumb/v6-m/nofp\libg.a(lib_a-stdio.o)
                0x1000bb18                __sread
 .text.__swrite
                0x1000bb40       0x40 e:/program files/raspberry pi/pico sdk v1.5.0/gcc-arm-none-eabi/bin/../lib/gcc/arm-none-eabi/10.3.1/../../../../arm-none-eabi/lib/thumb/v6-m/nofp\libg.a(lib_a-stdio.o)
                0x1000bb40                __swrite
 .text.__sseek  0x1000bb80       0x2c e:/program files/raspberry pi/pico sdk v1.5.0/gcc-arm-none-eabi/bin/../lib/gcc/arm-none-eabi/10.3.1/../../../../arm-none-eabi/lib/thumb/v6-m/nofp\libg.a(lib_a-stdio.o)
                0x1000bb80                __sseek
 .text.__sclose
                0x1000bbac        0xc e:/program files/raspberry pi/pico sdk v1.5.0/gcc-arm-none-eabi/bin/../lib/gcc/arm-none-eabi/10.3.1/../../../../arm-none-eabi/lib/thumb/v6-m/nofp\libg.a(lib_a-stdio.o)
                0x1000bbac                __sclose
 .text.strncpy  0x1000bbb8       0x6c e:/program files/raspberry pi/pico sdk v1.5.0/gcc-arm-none-eabi/bin/../lib/gcc/arm-none-eabi/10.3.1/../../../../arm-none-eabi/lib/thumb/v6-m/nofp\libg.a(lib_a-strncpy.o)
                0x1000bbb8                strncpy
 .text.__sprint_r.part.0
                0x1000bc24       0x88 e:/program files/raspberry pi/pico sdk v1.5.0/gcc-arm-none-eabi/bin/../lib/gcc/arm-none-eabi/10.3.1/../../../../arm-none-eabi/lib/thumb/v6-m/nofp\libg.a(lib_a-vfiprintf.o)
 .text.__sprint_r
                0x1000bcac       0x14 e:/program files/raspberry pi/pico sdk v1.5.0/gcc-arm-none-eabi/bin/../lib/gcc/arm-none-eabi/10.3.1/../../../../arm-none-eabi/lib/thumb/v6-m/nofp\libg.a(lib_a-vfiprintf.o)
                0x1000bcac                __sprint_r
 .text._write_r
                0x1000bcc0       0x28 e:/program files/raspberry pi/pico sdk v1.5.0/gcc-arm-none-eabi/bin/../lib/gcc/arm-none-eabi/10.3.1/../../../../arm-none-eabi/lib/thumb/v6-m/nofp\libg.a(lib_a-writer.o)
                0x1000bcc0                _write_r
 .text._close_r
                0x1000bce8       0x24 e:/program files/raspberry pi/pico sdk v1.5.0/gcc-arm-none-eabi/bin/../lib/gcc/arm-none-eabi/10.3.1/../../../../arm-none-eabi/lib/thumb/v6-m/nofp\libg.a(lib_a-closer.o)
                0x1000bce8                _close_r
 .text._fclose_r
                0x1000bd0c       0xdc e:/program files/raspberry pi/pico sdk v1.5.0/gcc-arm-none-eabi/bin/../lib/gcc/arm-none-eabi/10.3.1/../../../../arm-none-eabi/lib/thumb/v6-m/nofp\libg.a(lib_a-fclose.o)
                0x1000bd0c                _fclose_r
 .text.__fputwc
                0x1000bde8       0x98 e:/program files/raspberry pi/pico sdk v1.5.0/gcc-arm-none-eabi/bin/../lib/gcc/arm-none-eabi/10.3.1/../../../../arm-none-eabi/lib/thumb/v6-m/nofp\libg.a(lib_a-fputwc.o)
                0x1000bde8                __fputwc
 .text._fputwc_r
                0x1000be80       0x5c e:/program files/raspberry pi/pico sdk v1.5.0/gcc-arm-none-eabi/bin/../lib/gcc/arm-none-eabi/10.3.1/../../../../arm-none-eabi/lib/thumb/v6-m/nofp\libg.a(lib_a-fputwc.o)
                0x1000be80                _fputwc_r
 .text._fstat_r
                0x1000bedc       0x28 e:/program files/raspberry pi/pico sdk v1.5.0/gcc-arm-none-eabi/bin/../lib/gcc/arm-none-eabi/10.3.1/../../../../arm-none-eabi/lib/thumb/v6-m/nofp\libg.a(lib_a-fstatr.o)
                0x1000bedc                _fstat_r
 .text.__sfvwrite_r
                0x1000bf04      0x2f4 e:/program files/raspberry pi/pico sdk v1.5.0/gcc-arm-none-eabi/bin/../lib/gcc/arm-none-eabi/10.3.1/../../../../arm-none-eabi/lib/thumb/v6-m/nofp\libg.a(lib_a-fvwrite.o)
                0x1000bf04                __sfvwrite_r
 .text._isatty_r
                0x1000c1f8       0x24 e:/program files/raspberry pi/pico sdk v1.5.0/gcc-arm-none-eabi/bin/../lib/gcc/arm-none-eabi/10.3.1/../../../../arm-none-eabi/lib/thumb/v6-m/nofp\libg.a(lib_a-isattyr.o)
                0x1000c1f8                _isatty_r
 .text.__locale_mb_cur_max
                0x1000c21c       0x10 e:/program files/raspberry pi/pico sdk v1.5.0/gcc-arm-none-eabi/bin/../lib/gcc/arm-none-eabi/10.3.1/../../../../arm-none-eabi/lib/thumb/v6-m/nofp\libg.a(lib_a-locale.o)
                0x1000c21c                __locale_mb_cur_max
 .text._lseek_r
                0x1000c22c       0x28 e:/program files/raspberry pi/pico sdk v1.5.0/gcc-arm-none-eabi/bin/../lib/gcc/arm-none-eabi/10.3.1/../../../../arm-none-eabi/lib/thumb/v6-m/nofp\libg.a(lib_a-lseekr.o)
                0x1000c22c                _lseek_r
 .text.__ascii_mbtowc
                0x1000c254       0x2c e:/program files/raspberry pi/pico sdk v1.5.0/gcc-arm-none-eabi/bin/../lib/gcc/arm-none-eabi/10.3.1/../../../../arm-none-eabi/lib/thumb/v6-m/nofp\libg.a(lib_a-mbtowc_r.o)
                0x1000c254                __ascii_mbtowc
 .text._read_r  0x1000c280       0x28 e:/program files/raspberry pi/pico sdk v1.5.0/gcc-arm-none-eabi/bin/../lib/gcc/arm-none-eabi/10.3.1/../../../../arm-none-eabi/lib/thumb/v6-m/nofp\libg.a(lib_a-readr.o)
                0x1000c280                _read_r
 .text.__swbuf_r
                0x1000c2a8       0xc8 e:/program files/raspberry pi/pico sdk v1.5.0/gcc-arm-none-eabi/bin/../lib/gcc/arm-none-eabi/10.3.1/../../../../arm-none-eabi/lib/thumb/v6-m/nofp\libg.a(lib_a-wbuf.o)
                0x1000c2a8                __swbuf_r
 .text._wcrtomb_r
                0x1000c370       0x40 e:/program files/raspberry pi/pico sdk v1.5.0/gcc-arm-none-eabi/bin/../lib/gcc/arm-none-eabi/10.3.1/../../../../arm-none-eabi/lib/thumb/v6-m/nofp\libg.a(lib_a-wcrtomb.o)
                0x1000c370                _wcrtomb_r
 .text.__ascii_wctomb
                0x1000c3b0       0x1c e:/program files/raspberry pi/pico sdk v1.5.0/gcc-arm-none-eabi/bin/../lib/gcc/arm-none-eabi/10.3.1/../../../../arm-none-eabi/lib/thumb/v6-m/nofp\libg.a(lib_a-wctomb_r.o)
                0x1000c3b0                __ascii_wctomb
 *(.fini)
 .fini          0x1000c3cc        0x4 e:/program files/raspberry pi/pico sdk v1.5.0/gcc-arm-none-eabi/bin/../lib/gcc/arm-none-eabi/10.3.1/thumb/v6-m/nofp/crti.o
                0x1000c3cc                _fini
 .fini.__stub   0x1000c3d0      0x100 linker stubs
 *crtbegin.o(.ctors)
 *crtbegin?.o(.ctors)
 *(EXCLUDE_FILE(*crtend.o *crtend?.o) .ctors)
 *(SORT_BY_NAME(.ctors.*))
 *(.ctors)
 *crtbegin.o(.dtors)
 *crtbegin?.o(.dtors)
 *(EXCLUDE_FILE(*crtend.o *crtend?.o) .dtors)
 *(SORT_BY_NAME(.dtors.*))
 *(.dtors)
 *(.eh_frame*)
 .eh_frame      0x1000c4d0        0x0 e:/program files/raspberry pi/pico sdk v1.5.0/gcc-arm-none-eabi/bin/../lib/gcc/arm-none-eabi/10.3.1/thumb/v6-m/nofp/crtbegin.o
                0x1000c4d0                . = ALIGN (0x4)

.glue_7         0x1000c4d0        0x0
 .glue_7        0x1000c4d0        0x0 linker stubs

.glue_7t        0x1000c4d0        0x0
 .glue_7t       0x1000c4d0        0x0 linker stubs

.vfp11_veneer   0x1000c4d0        0x0
 .vfp11_veneer  0x1000c4d0        0x0 linker stubs

.v4_bx          0x1000c4d0        0x0
 .v4_bx         0x1000c4d0        0x0 linker stubs

.iplt           0x1000c4d0        0x0
 .iplt          0x1000c4d0        0x0 e:/program files/raspberry pi/pico sdk v1.5.0/gcc-arm-none-eabi/bin/../lib/gcc/arm-none-eabi/10.3.1/thumb/v6-m/nofp/crtbegin.o

.rodata         0x1000c4d0     0x1e1c
 *(EXCLUDE_FILE(*libm.a: *libc.a:*lib_a-mem*.o *libgcc.a:) .rodata*)
 .rodata._Z8print_gcv.str1.4
                0x1000c4d0       0x19 CMakeFiles/n64_adapter.dir/src/main.cpp.obj
 *fill*         0x1000c4e9        0x3 
 .rodata.str1.4
                0x1000c4ec        0x3 CMakeFiles/n64_adapter.dir/src/comms.cpp.obj
 *fill*         0x1000c4ef        0x1 
 .rodata._ZL14joybus_program
                0x1000c4f0        0x6 CMakeFiles/n64_adapter.dir/src/comms.cpp.obj
 *fill*         0x1000c4f6        0x2 
 .rodata._ZL27joybus_program_instructions
                0x1000c4f8       0x22 CMakeFiles/n64_adapter.dir/src/comms.cpp.obj
 *fill*         0x1000c51a        0x2 
 .rodata.spin_lock_claim_unused.str1.4
                0x1000c51c       0x1b CMakeFiles/n64_adapter.dir/E_/Program_Files/Raspberry_Pi/Pico_SDK_v1.5.0/pico-sdk/src/rp2_common/hardware_sync/sync.c.obj
 *fill*         0x1000c537        0x1 
 .rodata.make_branch.str1.4
                0x1000c538       0x89 CMakeFiles/n64_adapter.dir/E_/Program_Files/Raspberry_Pi/Pico_SDK_v1.5.0/pico-sdk/src/rp2_common/hardware_irq/irq.c.obj
 *fill*         0x1000c5c1        0x3 
 .rodata.insert_branch_and_link.str1.4
                0x1000c5c4       0x10 CMakeFiles/n64_adapter.dir/E_/Program_Files/Raspberry_Pi/Pico_SDK_v1.5.0/pico-sdk/src/rp2_common/hardware_irq/irq.c.obj
 .rodata.irq_set_exclusive_handler.str1.4
                0x1000c5d4       0x36 CMakeFiles/n64_adapter.dir/E_/Program_Files/Raspberry_Pi/Pico_SDK_v1.5.0/pico-sdk/src/rp2_common/hardware_irq/irq.c.obj
 *fill*         0x1000c60a        0x2 
 .rodata.irq_add_shared_handler.str1.4
                0x1000c60c       0xd9 CMakeFiles/n64_adapter.dir/E_/Program_Files/Raspberry_Pi/Pico_SDK_v1.5.0/pico-sdk/src/rp2_common/hardware_irq/irq.c.obj
 *fill*         0x1000c6e5        0x3 
 .rodata.irq_remove_handler.str1.4
                0x1000c6e8       0x3a CMakeFiles/n64_adapter.dir/E_/Program_Files/Raspberry_Pi/Pico_SDK_v1.5.0/pico-sdk/src/rp2_common/hardware_irq/irq.c.obj
 *fill*         0x1000c722        0x2 
 .rodata.irq_add_tail_to_free_list.str1.4
                0x1000c724       0x3a CMakeFiles/n64_adapter.dir/E_/Program_Files/Raspberry_Pi/Pico_SDK_v1.5.0/pico-sdk/src/rp2_common/hardware_irq/irq.c.obj
 *fill*         0x1000c75e        0x2 
 .rodata.user_irq_claim_unused.str1.4
                0x1000c760       0x1b CMakeFiles/n64_adapter.dir/E_/Program_Files/Raspberry_Pi/Pico_SDK_v1.5.0/pico-sdk/src/rp2_common/hardware_irq/irq.c.obj
 *fill*         0x1000c77b        0x1 
 .rodata.__func__.0
                0x1000c77c       0x1a CMakeFiles/n64_adapter.dir/E_/Program_Files/Raspberry_Pi/Pico_SDK_v1.5.0/pico-sdk/src/rp2_common/hardware_irq/irq.c.obj
 *fill*         0x1000c796        0x2 
 .rodata.__func__.1
                0x1000c798       0x17 CMakeFiles/n64_adapter.dir/E_/Program_Files/Raspberry_Pi/Pico_SDK_v1.5.0/pico-sdk/src/rp2_common/hardware_irq/irq.c.obj
 *fill*         0x1000c7af        0x1 
 .rodata.__func__.2
                0x1000c7b0       0x13 CMakeFiles/n64_adapter.dir/E_/Program_Files/Raspberry_Pi/Pico_SDK_v1.5.0/pico-sdk/src/rp2_common/hardware_irq/irq.c.obj
 *fill*         0x1000c7c3        0x1 
 .rodata.__func__.3
                0x1000c7c4        0xc CMakeFiles/n64_adapter.dir/E_/Program_Files/Raspberry_Pi/Pico_SDK_v1.5.0/pico-sdk/src/rp2_common/hardware_irq/irq.c.obj
 .rodata.__func__.4
                0x1000c7d0        0xf CMakeFiles/n64_adapter.dir/E_/Program_Files/Raspberry_Pi/Pico_SDK_v1.5.0/pico-sdk/src/rp2_common/hardware_irq/irq.c.obj
 *fill*         0x1000c7df        0x1 
 .rodata.__func__.5
                0x1000c7e0       0x17 CMakeFiles/n64_adapter.dir/E_/Program_Files/Raspberry_Pi/Pico_SDK_v1.5.0/pico-sdk/src/rp2_common/hardware_irq/irq.c.obj
 *fill*         0x1000c7f7        0x1 
 .rodata.__func__.6
                0x1000c7f8       0x1a CMakeFiles/n64_adapter.dir/E_/Program_Files/Raspberry_Pi/Pico_SDK_v1.5.0/pico-sdk/src/rp2_common/hardware_irq/irq.c.obj
 *fill*         0x1000c812        0x2 
 .rodata.str1.4
                0x1000c814      0x125 CMakeFiles/n64_adapter.dir/E_/Program_Files/Raspberry_Pi/Pico_SDK_v1.5.0/pico-sdk/src/common/pico_sync/mutex.c.obj
 *fill*         0x1000c939        0x3 
 .rodata.__func__.1
                0x1000c93c        0xb CMakeFiles/n64_adapter.dir/E_/Program_Files/Raspberry_Pi/Pico_SDK_v1.5.0/pico-sdk/src/common/pico_sync/mutex.c.obj
 *fill*         0x1000c947        0x1 
 .rodata.__func__.3
                0x1000c948       0x18 CMakeFiles/n64_adapter.dir/E_/Program_Files/Raspberry_Pi/Pico_SDK_v1.5.0/pico-sdk/src/common/pico_sync/mutex.c.obj
 .rodata.__func__.4
                0x1000c960       0x15 CMakeFiles/n64_adapter.dir/E_/Program_Files/Raspberry_Pi/Pico_SDK_v1.5.0/pico-sdk/src/common/pico_sync/mutex.c.obj
 *fill*         0x1000c975        0x3 
 .rodata.repeating_timer_callback.str1.4
                0x1000c978       0x67 CMakeFiles/n64_adapter.dir/E_/Program_Files/Raspberry_Pi/Pico_SDK_v1.5.0/pico-sdk/src/common/pico_time/time.c.obj
 *fill*         0x1000c9df        0x1 
 .rodata.timer_pool_entry_comparator.str1.4
                0x1000c9e0       0x22 CMakeFiles/n64_adapter.dir/E_/Program_Files/Raspberry_Pi/Pico_SDK_v1.5.0/pico-sdk/src/common/pico_time/time.c.obj
 *fill*         0x1000ca02        0x2 
 .rodata.ph_add_child_node.str1.4
                0x1000ca04       0xb2 CMakeFiles/n64_adapter.dir/E_/Program_Files/Raspberry_Pi/Pico_SDK_v1.5.0/pico-sdk/src/common/pico_time/time.c.obj
 *fill*         0x1000cab6        0x2 
 .rodata.add_alarm_under_lock.str1.4
                0x1000cab8       0x28 CMakeFiles/n64_adapter.dir/E_/Program_Files/Raspberry_Pi/Pico_SDK_v1.5.0/pico-sdk/src/common/pico_time/time.c.obj
                                 0x2b (size before relaxing)
 .rodata.alarm_pool_alarm_callback.str1.4
                0x1000cae0       0x98 CMakeFiles/n64_adapter.dir/E_/Program_Files/Raspberry_Pi/Pico_SDK_v1.5.0/pico-sdk/src/common/pico_time/time.c.obj
                                0x118 (size before relaxing)
 .rodata.alarm_pool_get_default.str1.4
                0x1000cb78       0x21 CMakeFiles/n64_adapter.dir/E_/Program_Files/Raspberry_Pi/Pico_SDK_v1.5.0/pico-sdk/src/common/pico_time/time.c.obj
 *fill*         0x1000cb99        0x3 
 .rodata.alarm_pool_cancel_alarm.str1.4
                0x1000cb9c       0x27 CMakeFiles/n64_adapter.dir/E_/Program_Files/Raspberry_Pi/Pico_SDK_v1.5.0/pico-sdk/src/common/pico_time/time.c.obj
 *fill*         0x1000cbc3        0x1 
 .rodata.sleep_until.str1.4
                0x1000cbc4       0x4d CMakeFiles/n64_adapter.dir/E_/Program_Files/Raspberry_Pi/Pico_SDK_v1.5.0/pico-sdk/src/common/pico_time/time.c.obj
 *fill*         0x1000cc11        0x3 
 .rodata.__func__.1
                0x1000cc14       0x18 CMakeFiles/n64_adapter.dir/E_/Program_Files/Raspberry_Pi/Pico_SDK_v1.5.0/pico-sdk/src/common/pico_time/time.c.obj
 .rodata.__func__.10
                0x1000cc2c       0x15 CMakeFiles/n64_adapter.dir/E_/Program_Files/Raspberry_Pi/Pico_SDK_v1.5.0/pico-sdk/src/common/pico_time/time.c.obj
 *fill*         0x1000cc41        0x3 
 .rodata.__func__.11
                0x1000cc44       0x1a CMakeFiles/n64_adapter.dir/E_/Program_Files/Raspberry_Pi/Pico_SDK_v1.5.0/pico-sdk/src/common/pico_time/time.c.obj
 *fill*         0x1000cc5e        0x2 
 .rodata.__func__.12
                0x1000cc60        0xa CMakeFiles/n64_adapter.dir/E_/Program_Files/Raspberry_Pi/Pico_SDK_v1.5.0/pico-sdk/src/common/pico_time/time.c.obj
 *fill*         0x1000cc6a        0x2 
 .rodata.__func__.3
                0x1000cc6c       0x17 CMakeFiles/n64_adapter.dir/E_/Program_Files/Raspberry_Pi/Pico_SDK_v1.5.0/pico-sdk/src/common/pico_time/time.c.obj
 *fill*         0x1000cc83        0x1 
 .rodata.__func__.4
                0x1000cc84       0x12 CMakeFiles/n64_adapter.dir/E_/Program_Files/Raspberry_Pi/Pico_SDK_v1.5.0/pico-sdk/src/common/pico_time/time.c.obj
 *fill*         0x1000cc96        0x2 
 .rodata.__func__.5
                0x1000cc98        0xd CMakeFiles/n64_adapter.dir/E_/Program_Files/Raspberry_Pi/Pico_SDK_v1.5.0/pico-sdk/src/common/pico_time/time.c.obj
 *fill*         0x1000cca5        0x3 
 .rodata.__func__.6